******************************************************************************
                  TI ARM Linker PC v20.2.4                     
******************************************************************************
>> Linked Mon Jul 12 11:39:36 2021

OUTPUT FILE NAME:   <rfPacketTx_CC1352P_2_LAUNCHXL_tirtos_ccs.out>
ENTRY POINT SYMBOL: "ResetISR"  address: 000045f9


MEMORY CONFIGURATION

         name            origin    length      used     unused   attr    fill
----------------------  --------  ---------  --------  --------  ----  --------
  FLASH                 00000000   00058000  00006a18  000515e8  R  X
  GPRAM                 11000000   00002000  00000000  00002000  RW X
  SRAM                  20000000   00014000  00005674  0000e98c  RW X
  LOG_DATA              90000000   00040000  00000000  00040000  R   


SEGMENT ALLOCATION MAP

run origin  load origin   length   init length attrs members
----------  ----------- ---------- ----------- ----- -------
00000000    00000000    000069c0   000069c0    r-x
  00000000    00000000    0000003c   0000003c    r-- .resetVecs
  0000003c    0000003c    00005fa8   00005fa8    r-x .text
  00005fe4    00005fe4    000006fc   000006fc    r-- .const
  000066e0    000066e0    000002e0   000002e0    r-- .cinit
00057fa8    00057fa8    00000058   00000058    r--
  00057fa8    00057fa8    00000058   00000058    r-- .ccfg
20000100    20000100    0000000c   00000000    rw-
  20000100    20000100    00000004   00000000    rw- .data:xdcRomConstPtr
  20000104    20000104    00000004   00000000    rw- .data:xdcRomExternFuncPtr
  20000108    20000108    00000004   00000000    rw- .data:xdcRomStatePtr
20000110    20000110    00004000   00000000    r--
  20000110    20000110    00004000   00000000    r-- .priheap
20004110    20004110    00001194   00000000    rw-
  20004110    20004110    00000c04   00000000    rw- .data
  20004d18    20004d18    0000058c   00000000    rw- .bss
20013c00    20013c00    00000400   00000000    rw-
  20013c00    20013c00    00000400   00000000    rw- .stack


SECTION ALLOCATION MAP

 output                                  attributes/
section   page    origin      length       input sections
--------  ----  ----------  ----------   ----------------
.binit     0    00000000    00000000     

.cinit     0    000066e0    000002e0     
                  000066e0    00000286     (.cinit..data.load) [load image, compression = lzss]
                  00006966    00000002     --HOLE-- [fill = 0]
                  00006968    0000000c     (__TI_handler_table)
                  00006974    00000004     --HOLE-- [fill = 0]
                  00006978    00000008     (.cinit..bss.load) [load image, compression = zero_init]
                  00006980    00000008     (.cinit..data:xdcRomConstPtr.load) [load image, compression = lzss]
                  00006988    00000008     (.cinit..data:xdcRomExternFuncPtr.load) [load image, compression = lzss]
                  00006990    00000008     (.cinit..data:xdcRomStatePtr.load) [load image, compression = lzss]
                  00006998    00000028     (__TI_cinit_table)

.init_array 
*          0    00000000    00000000     UNINITIALIZED

.ccfg      0    00057fa8    00000058     
                  00057fa8    00000058     ti_devices_config.obj (.ccfg:retain)

.data      0    20004110    00000c04     UNINITIALIZED
                  20004110    00000508     rf_multiMode_cc13x2.aem4f : RFCC26X2_multiMode.c.cc13x2.ccs.o (.data:$O1$$)
                  20004618    00000170     drivers_cc13x2.a : PowerCC26X2.oem4f (.data:PowerCC26X2_module)
                  20004788    0000010c     release_pem4f.oem4f (.data:ROM_stateStruct)
                  20004894    000000b4     rom_sysbios.aem4f : rom_sysbios.obj (.data:$O1$$)
                  20004948    0000008c     ti_radio_config.obj (.data:txPowerTable_2400_pa5_20)
                  200049d4    0000004c     release_pem4f.oem4f (.data:ti_sysbios_knl_Task_Object__table__V)
                  20004a20    00000048     release_pem4f.oem4f (.data:ti_sysbios_family_arm_cc26xx_Timer_Object__table__V)
                  20004a68    00000038     release_pem4f.oem4f (.data:ti_sysbios_gates_GateMutex_Object__table__V)
                  20004aa0    00000030     release_pem4f.oem4f (.data:ti_sysbios_knl_Swi_Module_State_0_readyQ__A)
                  20004ad0    00000030     release_pem4f.oem4f (.data:ti_sysbios_knl_Swi_Object__table__V)
                  20004b00    00000030     release_pem4f.oem4f (.data:ti_sysbios_knl_Task_Module_State_0_readyQ__A)
                  20004b30    00000024     driverlib.lib : osc.obj (.data:$O1$$)
                  20004b54    00000020     ti_radio_config.obj (.data:RF_cmdRadioSetup_ieee154)
                  20004b74    00000020     release_pem4f.oem4f (.data:ti_sysbios_knl_Clock_Object__table__V)
                  20004b94    00000020     release_pem4f.oem4f (.data:xdc_runtime_Error_IgnoreBlock)
                  20004bb4    0000001c     ti_radio_config.obj (.data:pOverrides_ieee154Tx20)
                  20004bd0    0000001c     ti_radio_config.obj (.data:pOverrides_ieee154TxStd)
                  20004bec    00000018     ti_radio_config.obj (.data:RF_cmdFs_ieee154)
                  20004c04    00000018     ti_radio_config.obj (.data:RF_cmdIeeeTx_ieee154)
                  20004c1c    00000018     release_pem4f.oem4f (.data:ti_sysbios_family_arm_m3_Hwi_Object__table__V)
                  20004c34    00000018     release_pem4f.oem4f (.data:ti_sysbios_heaps_HeapMem_Object__table__V)
                  20004c4c    00000010     ti_radio_config.obj (.data:RF_prop_ieee154)
                  20004c5c    0000000c     rfPacketTx.obj (.data:buttonPinTable)
                  20004c68    0000000c     rfPacketTx.obj (.data:ledPinTable)
                  20004c74    0000000c     ti_radio_config.obj (.data:pOverrides_ieee154)
                  20004c80    00000008     rtsv7M4_T_le_v4SPD16_eabi.lib : _lock.c.obj (.data:$O1$$)
                  20004c88    00000008     rf_multiMode_cc13x2.aem4f : RFCC26X2_multiMode.c.cc13x2.ccs.o (.data:RFCC26XX_schedulerPolicy)
                  20004c90    00000008     drivers_cc13x2.a : PINCC26XX.oem4f (.data)
                  20004c98    00000008     release_pem4f.oem4f (.data:ti_sysbios_family_arm_m3_Hwi_Module__root__V)
                  20004ca0    00000008     release_pem4f.oem4f (.data:ti_sysbios_gates_GateHwi_Module__root__V)
                  20004ca8    00000008     release_pem4f.oem4f (.data:ti_sysbios_gates_GateMutex_Module__root__V)
                  20004cb0    00000008     release_pem4f.oem4f (.data:ti_sysbios_hal_Hwi_Module__root__V)
                  20004cb8    00000008     release_pem4f.oem4f (.data:ti_sysbios_heaps_HeapMem_Module__root__V)
                  20004cc0    00000008     release_pem4f.oem4f (.data:ti_sysbios_knl_Clock_Module__root__V)
                  20004cc8    00000008     release_pem4f.oem4f (.data:ti_sysbios_knl_Event_Module__root__V)
                  20004cd0    00000008     release_pem4f.oem4f (.data:ti_sysbios_knl_Mailbox_Module__root__V)
                  20004cd8    00000008     release_pem4f.oem4f (.data:ti_sysbios_knl_Queue_Module__root__V)
                  20004ce0    00000008     release_pem4f.oem4f (.data:ti_sysbios_knl_Semaphore_Module__root__V)
                  20004ce8    00000008     release_pem4f.oem4f (.data:ti_sysbios_knl_Swi_Module__root__V)
                  20004cf0    00000008     release_pem4f.oem4f (.data:ti_sysbios_knl_Task_Module__root__V)
                  20004cf8    00000008     release_pem4f.oem4f (.data:xdc_runtime_System_Module_State_0_atexitHandlers__A)
                  20004d00    00000004     rtsv7M4_T_le_v4SPD16_eabi.lib : stkdepth_vars.c.obj (.data)
                  20004d04    00000004     release_pem4f.oem4f (.data:ti_sysbios_family_arm_m3_Hwi_Module_State_0_excContext__A)
                  20004d08    00000004     release_pem4f.oem4f (.data:ti_sysbios_family_arm_m3_Hwi_Module_State_0_excStack__A)
                  20004d0c    00000004     release_pem4f.oem4f (.data:ti_sysbios_knl_Task_Module_State_0_idleTask__A)
                  20004d10    00000002     release_pem4f.oem4f (.data:ti_sysbios_family_arm_m3_Hwi_Module_State_0_excActive__A)
                  20004d12    00000001     rf_multiMode_cc13x2.aem4f : rf_patch_cpe_ieee_802_15_4.c.cc13x2.ccs.o (.data)
                  20004d13    00000001     ti_drivers_config.obj (.data)

.bss       0    20004d18    0000058c     UNINITIALIZED
                  20004d18    00000200     release_pem4f.oem4f (.bss:taskStackSection)
                  20004f18    000000f8     rfPacketTx.obj (.bss:rfObject)
                  20005010    000000d8     (.common:ti_sysbios_family_arm_m3_Hwi_dispatchTable)
                  200050e8    0000007c     (.common:pinHandleTable)
                  20005164    00000050     drivers_cc13x2.a : PINCC26XX.oem4f (.bss:pinSemaphore)
                  200051b4    0000003c                      : PINCC26XX.oem4f (.bss:pinSwi)
                  200051f0    00000020     rfPacketTx.obj (.bss:packet)
                  20005210    00000020     drivers_cc13x2.a : PINCC26XX.oem4f (.bss:pinGpioConfigTable)
                  20005230    0000001c                      : PINCC26XX.oem4f (.bss:pinHwi)
                  2000524c    00000014     rf_multiMode_cc13x2.aem4f : RFCC26X2_multiMode.c.cc13x2.ccs.o (.bss:RF_ratSyncCmd)
                  20005260    0000000e     rfPacketTx.obj (.bss)
                  2000526e    00000001     rf_multiMode_cc13x2.aem4f : RFCC26X2_multiMode.c.cc13x2.ccs.o (.bss)
                  2000526f    00000001     (.common:driverlib_release_0_60278)
                  20005270    0000000c     ti_drivers_config.obj (.bss:antennaState)
                  2000527c    0000000c     rfPacketTx.obj (.bss:buttonPinState)
                  20005288    0000000c     rfPacketTx.obj (.bss:ledPinState)
                  20005294    00000004     drivers_cc13x2.a : PINCC26XX.oem4f (.bss)
                  20005298    00000004     ti_drivers_config.obj (.bss)
                  2000529c    00000004     (.common:PowerCC26XX_swiKey)
                  200052a0    00000004     (.common:PowerCC26XX_taskKey)

.stack     0    20013c00    00000400     UNINITIALIZED
                  20013c00    00000400     --HOLE--

.priheap   0    20000110    00004000     UNINITIALIZED
                  20000110    00004000     --HOLE--

.log_data 
*          0    90000000    00000000     COPY SECTION

.data:xdcRomConstPtr 
*          0    20000100    00000004     UNINITIALIZED
                  20000100    00000004     release_pem4f.oem4f (.data:xdcRomConstPtr)

.data:xdcRomExternFuncPtr 
*          0    20000104    00000004     UNINITIALIZED
                  20000104    00000004     release_pem4f.oem4f (.data:xdcRomExternFuncPtr)

.data:xdcRomStatePtr 
*          0    20000108    00000004     UNINITIALIZED
                  20000108    00000004     release_pem4f.oem4f (.data:xdcRomStatePtr)

.bootVecs 
*          0    00000000    00000008     DSECT
                  00000000    00000008     boot.aem4f : boot.oem4f (.bootVecs)

.resetVecs 
*          0    00000000    0000003c     
                  00000000    0000003c     release_pem4f.oem4f (.resetVecs)

.vecs      0    20000000    000000d8     NOLOAD SECTION
                  20000000    000000d8     release_pem4f.oem4f (.vecs)

xdc.meta   0    00000000    000000ff     COPY SECTION
                  00000000    000000ff     release_pem4f.oem4f (xdc.meta)

xdc.noload 
*          0    00000000    00000000     COPY SECTION

__llvm_prf_cnts 
*          0    20000000    00000000     UNINITIALIZED

.text      0    0000003c    00005fa8     
                  0000003c    000004b0     rf_multiMode_cc13x2.aem4f : RFCC26X2_multiMode.c.cc13x2.ccs.o (.text:RF_fsmActiveState)
                  000004ec    00000334     rfPacketTx.obj (.text:mainThread)
                  00000820    00000210     rf_multiMode_cc13x2.aem4f : RFCC26X2_multiMode.c.cc13x2.ccs.o (.text:RF_scheduleCmd)
                  00000a30    00000200                               : RFCC26X2_multiMode.c.cc13x2.ccs.o (.text:RF_open)
                  00000c30    000001f4     drivers_cc13x2.a : PINCC26XX.oem4f (.text:PIN_init)
                  00000e24    000001d4     rf_multiMode_cc13x2.aem4f : RFCC26X2_multiMode.c.cc13x2.ccs.o (.text:RF_dispatchNextCmd)
                  00000ff8    000001cc     ti_drivers_config.obj (.text:rfDriverCallbackAntennaSwitching)
                  000011c4    000001b6     rtsv7M4_T_le_v4SPD16_eabi.lib : fd_add_t2.asm.obj (.text)
                  0000137a    00000002     ti_drivers_config.obj (.text:Board_initHook)
                  0000137c    00000198     drivers_cc13x2.a : PowerCC26X2.oem4f (.text:Power_sleep)
                  00001514    00000190                      : PowerCC26X2_calibrateRCOSC.oem4f (.text:calibrateRcoscHf1)
                  000016a4    0000018c                      : PowerCC26X2_calibrateRCOSC.oem4f (.text:runCalibrateFsm)
                  00001830    00000188     release_pem4f.oem4f (.text:xdc_runtime_System_printfExtend__I)
                  000019b8    00000174     drivers_cc13x2.a : PowerCC26X2.oem4f (.text:Power_init)
                  00001b2c    00000154     rf_multiMode_cc13x2.aem4f : RFCC26X2_multiMode.c.cc13x2.ccs.o (.text:RF_radioOpDoneCb)
                  00001c80    00000148                               : RFCC26X2_multiMode.c.cc13x2.ccs.o (.text:RF_fsmSetupState)
                  00001dc8    00000138                               : RFCC26X2_multiMode.c.cc13x2.ccs.o (.text:RF_abortCmd)
                  00001f00    00000120                               : RFCC26X2_multiMode.c.cc13x2.ccs.o (.text:RF_close)
                  00002020    00000120     drivers_cc13x2.a : PowerCC26X2.oem4f (.text:configureXOSCHF)
                  00002140    00000114                      : PINCC26XX.oem4f (.text:PINCC26XX_setIoCfg)
                  00002254    00000104     rf_multiMode_cc13x2.aem4f : RFCC26X2_multiMode.c.cc13x2.ccs.o (.text:RF_hwiCpe0Active)
                  00002358    000000fc                               : RFCC26X2_multiMode.c.cc13x2.ccs.o (.text:RF_decodeOverridePointers)
                  00002454    000000fc     rtsv7M4_T_le_v4SPD16_eabi.lib : fd_mul_t2.asm.obj (.text)
                  00002550    000000f0     driverlib.lib : sys_ctrl.obj (.text:NOROM_SysCtrlStandby)
                  00002640    000000f0     rf_multiMode_cc13x2.aem4f : RFCC26X2_multiMode.c.cc13x2.ccs.o (.text:RF_fsmPowerUpState)
                  00002730    000000ec     rom_sysbios.aem4f : rom_sysbios.obj (.text:pthread_create)
                  0000281c    000000d8     rf_multiMode_cc13x2.aem4f : RFCC26X2_multiMode.c.cc13x2.ccs.o (.text:RF_pendCmd)
                  000028f4    000000d2                               : RFCC26X2_multiMode.c.cc13x2.ccs.o (.text:RF_updatePaConfiguration)
                  000029c6    00000002                               : rfc.c.cc13x2.ccs.o (.text:NOROM_RFCCpePatchReset)
                  000029c8    000000cc                               : RFCC26X2_multiMode.c.cc13x2.ccs.o (.text:RF_swiHw)
                  00002a94    000000c8     dpl_cc13x2.a : PowerCC26X2_tirtos.oem4f (.text:PowerCC26XX_standbyPolicy)
                  00002b5c    000000c0     drivers_cc13x2.a : PowerCC26X2.oem4f (.text:Power_releaseDependency)
                  00002c1c    000000bc     rf_multiMode_cc13x2.aem4f : RFCC26X2_multiMode.c.cc13x2.ccs.o (.text:RF_initRadioSetup)
                  00002cd8    000000b8     drivers_cc13x2.a : PowerCC26X2.oem4f (.text:Power_setDependency)
                  00002d90    000000ac                      : PINCC26XX.oem4f (.text:PIN_open)
                  00002e3c    000000ac     driverlib.lib : setup.obj (.text:TrimAfterColdResetWakeupFromShutDown)
                  00002ee8    000000a4     rf_multiMode_cc13x2.aem4f : RFCC26X2_multiMode.c.cc13x2.ccs.o (.text:RF_ratRestartChannels)
                  00002f8c    000000a0     auto_init.aem4f : auto_init.oem4f (.text)
                  0000302c    000000a0     rom_sysbios.aem4f : rom_sysbios.obj (.text:ti_sysbios_knl_Task_setPri__E)
                  000030cc    0000009c     rtsv7M4_T_le_v4SPD16_eabi.lib : memcpy_t2.asm.obj (.text)
                  00003168    00000098     driverlib.lib : setup.obj (.text:NOROM_SetupTrimDevice)
                  00003200    00000098     rf_multiMode_cc13x2.aem4f : RFCC26X2_multiMode.c.cc13x2.ccs.o (.text:RF_calculateDispatchTime)
                  00003298    00000096     rtsv7M4_T_le_v4SPD16_eabi.lib : ull_div_t2.asm.obj (.text)
                  0000332e    00000002     rf_multiMode_cc13x2.aem4f : RFCC26X2_multiMode.c.cc13x2.ccs.o (.text:RF_defaultCallback)
                  00003330    00000090                               : RFCC26X2_multiMode.c.cc13x2.ccs.o (.text:RF_discardPendCmd)
                  000033c0    00000088     driverlib.lib : osc.obj (.text:NOROM_OSCHF_AttemptToSwitchToXosc)
                  00003448    00000088     rf_multiMode_cc13x2.aem4f : RFCC26X2_multiMode.c.cc13x2.ccs.o (.text:RF_cmdDispatchTime)
                  000034d0    00000088                               : RFCC26X2_multiMode.c.cc13x2.ccs.o (.text:RF_getTxPower)
                  00003558    00000088     rom_sysbios.aem4f : rom_sysbios.obj (.text:_pthread_removeThreadKeys)
                  000035e0    00000088     drivers_cc13x2.a : PowerCC26X2_calibrateRCOSC.oem4f (.text:calibrateRcoscHf2)
                  00003668    00000088                      : PowerCC26X2.oem4f (.text:disableLFClockQualifiers)
                  000036f0    00000088                      : PowerCC26X2_calibrateRCOSC.oem4f (.text:updateSubSecInc)
                  00003778    00000086     rtsv7M4_T_le_v4SPD16_eabi.lib : fd_cmp_t2.asm.obj (.text:__aeabi_cdcmple)
                  000037fe    00000086                                   : fd_cmp_t2.asm.obj (.text:__aeabi_cdrcmple)
                  00003884    00000084     ti_drivers_config.obj (.text:Board_sendExtFlashByte)
                  00003908    00000084     rf_multiMode_cc13x2.aem4f : RFCC26X2_multiMode.c.cc13x2.ccs.o (.text:RF_issueRadioFreeCb)
                  0000398c    00000084                               : RFCC26X2_multiMode.c.cc13x2.ccs.o (.text:RF_verifyGap)
                  00003a10    00000084     rom_sysbios.aem4f : rom_sysbios.obj (.text:ti_sysbios_family_arm_m3_Hwi_excHandlerMin__I)
                  00003a94    00000080     driverlib.lib : chipinfo.obj (.text:NOROM_ChipInfo_GetChipType)
                  00003b14    00000080                   : sys_ctrl.obj (.text:NOROM_SysCtrlSetRechargeBeforePowerDown)
                  00003b94    00000080     rom_sysbios.aem4f : rom_sysbios.obj (.text:ti_sysbios_family_arm_cc26xx_Timer_start__E)
                  00003c14    0000007c     rf_multiMode_cc13x2.aem4f : RFCC26X2_multiMode.c.cc13x2.ccs.o (.text:RF_ratFreeChannel)
                  00003c90    0000007a     rtsv7M4_T_le_v4SPD16_eabi.lib : memset_t2.asm.obj (.text)
                  00003d0a    00000076     rom_sysbios.aem4f : rom_sysbios.obj (.text:ti_sysbios_heaps_HeapMem_allocUnprotected__E)
                  00003d80    00000074     drivers_cc13x2.a : PowerCC26X2_calibrateRCOSC.oem4f (.text:PowerCC26X2_auxISR)
                  00003df4    00000074     rf_multiMode_cc13x2.aem4f : RFCC26X2_multiMode.c.cc13x2.ccs.o (.text:RF_yield)
                  00003e68    00000072                               : RFCC26X2_multiMode.c.cc13x2.ccs.o (.text:RF_detachOverrides)
                  00003eda    00000070                               : rfc.c.cc13x2.ccs.o (.text:NOROM_RFCAnaDivTxOverride)
                  00003f4a    00000002     rtsv7M4_T_le_v4SPD16_eabi.lib : _lock.c.obj (.text:_nop)
                  00003f4c    00000070     rf_multiMode_cc13x2.aem4f : RFCC26X2_multiMode.c.cc13x2.ccs.o (.text:RF_getCurrentTime)
                  00003fbc    0000006e                               : RFCC26X2_multiMode.c.cc13x2.ccs.o (.text:RF_attachOverrides)
                  0000402a    0000006e                               : RFCC26X2_multiMode.c.cc13x2.ccs.o (.text:RF_howToSchedule)
                  00004098    0000006d     rom_sysbios.aem4f : rom_sysbios.obj (.text:xdc_runtime_System_formatNum__I)
                  00004105    00000001     --HOLE-- [fill = 0]
                  00004106    00000002     drivers_cc13x2.a : PowerCC26X2.oem4f (.text:emptyClockFunc)
                  00004108    0000006c     rf_multiMode_cc13x2.aem4f : RFCC26X2_multiMode.c.cc13x2.ccs.o (.text:RF_dispatchNextEvent)
                  00004174    00000068     driverlib.lib : osc.obj (.text:NOROM_OSCHF_SwitchToRcOscTurnOffXosc)
                  000041dc    00000068     rf_multiMode_cc13x2.aem4f : RFCC26X2_multiMode.c.cc13x2.ccs.o (.text:RF_hwiHw)
                  00004244    00000068     rtsv7M4_T_le_v4SPD16_eabi.lib : copy_decompress_lzss.c.obj (.text:decompress:lzss:__TI_decompress_lzss)
                  000042ac    00000068     main_tirtos.obj (.text:main)
                  00004314    00000062     rf_multiMode_cc13x2.aem4f : RFCC26X2_multiMode.c.cc13x2.ccs.o (.text:RF_syncCb)
                  00004376    00000002     rtsv7M4_T_le_v4SPD16_eabi.lib : div0.asm.obj (.text)
                  00004378    00000060     rf_multiMode_cc13x2.aem4f : RFCC26X2_multiMode.c.cc13x2.ccs.o (.text:RF_applyRfCorePatch)
                  000043d8    0000005c     drivers_cc13x2.a : PINCC26XX.oem4f (.text:PIN_remove)
                  00004434    0000005c     rf_multiMode_cc13x2.aem4f : RFCC26X2_multiMode.c.cc13x2.ccs.o (.text:RF_hwiCpe0PowerFsm)
                  00004490    0000005c     rom_sysbios.aem4f : rom_sysbios.obj (.text:ti_sysbios_heaps_HeapMem_initPrimary__I)
                  000044ec    0000005c     release_pem4f.oem4f (.text:xdc_runtime_Startup_getState__I)
                  00004548    00000058     drivers_cc13x2.a : PowerCC26X2_calibrateRCOSC.oem4f (.text:PowerCC26X2_initiateCalibration)
                  000045a0    00000058     rf_multiMode_cc13x2.aem4f : RFCC26X2_multiMode.c.cc13x2.ccs.o (.text:RF_TxPowerTable_findValue)
                  000045f8    00000058     boot.aem4f : boot.oem4f (.text)
                  00004650    00000058     rom_sysbios.aem4f : rom_sysbios.obj (.text:pthread_exit)
                  000046a8    00000058                       : rom_sysbios.obj (.text:ti_sysbios_heaps_HeapMem_alloc__E)
                  00004700    00000056     rf_multiMode_cc13x2.aem4f : RFCC26X2_multiMode.c.cc13x2.ccs.o (.text:RF_defaultSubmitPolicy)
                  00004756    00000002     release_pem4f.oem4f (.text:ti_sysbios_BIOS_nullFunc__I)
                  00004758    00000054     driverlib.lib : prcm.obj (.text:NOROM_PRCMPowerDomainsAllOff)
                  000047ac    00000054     rf_multiMode_cc13x2.aem4f : RFCC26X2_multiMode.c.cc13x2.ccs.o (.text:RF_fsmXOSCState)
                  00004800    00000054     dpl_cc13x2.a : SwiP_tirtos.oem4f (.text:SwiP_construct)
                  00004854    0000004c     ti_drivers_config.obj (.text:Board_wakeUpExtFlash)
                  000048a0    0000004c     driverlib.lib : prcm.obj (.text:NOROM_PRCMPowerDomainsAllOn)
                  000048ec    0000004c     rf_multiMode_cc13x2.aem4f : RFCC26X2_multiMode.c.cc13x2.ccs.o (.text:RF_wakeupNotification)
                  00004938    0000004c     rtsv7M4_T_le_v4SPD16_eabi.lib : cpy_tbl.c.obj (.text:copy_in)
                  00004984    00000048     rf_multiMode_cc13x2.aem4f : rfc.c.cc13x2.ccs.o (.text:NOROM_RFCSynthPowerDown)
                  000049cc    00000048     drivers_cc13x2.a : PowerCC26X2_calibrateRCOSC.oem4f (.text:PowerCC26X2_RCOSC_clockFunc)
                  00004a14    00000048                      : PowerCC26X2.oem4f (.text:PowerCC26XX_switchXOSC_HF)
                  00004a5c    00000048                      : PowerCC26X2.oem4f (.text:switchXOSCHF)
                  00004aa4    00000044     driverlib.lib : chipinfo.obj (.text:NOROM_ChipInfo_GetHwRevision)
                  00004ae8    00000044     drivers_cc13x2.a : PINCC26XX.oem4f (.text:PIN_swi)
                  00004b2c    00000044     rtsv7M4_T_le_v4SPD16_eabi.lib : fd_tou_t2.asm.obj (.text)
                  00004b70    00000040     ti_drivers_config.obj (.text:Board_shutDownExtFlash)
                  00004bb0    00000040     dpl_cc13x2.a : ClockP_tirtos.oem4f (.text:ClockP_construct)
                  00004bf0    00000040     driverlib.lib : osc.obj (.text:NOROM_OSC_HPOSCRelativeFrequencyOffsetGet)
                  00004c30    00000040     drivers_cc13x2.a : PowerCC26X2.oem4f (.text:PowerCC26XX_isStableXOSC_HF)
                  00004c70    00000040     rtsv7M4_T_le_v4SPD16_eabi.lib : u_divt2.asm.obj (.text)
                  00004cb0    00000040     rom_sysbios.aem4f : rom_sysbios.obj (.text:ti_sysbios_family_arm_cc26xx_Timer_setThreshold__I)
                  00004cf0    0000003e     dpl_cc13x2.a : HwiP_tirtos.oem4f (.text:HwiP_construct)
                  00004d2e    00000002     rom_sysbios.aem4f : rom_sysbios.obj (.text:xdc_runtime_SysCallback_defaultAbort)
                  00004d30    0000003c     drivers_cc13x2.a : PINCC26XX.oem4f (.text:PIN_setOutputValue)
                  00004d6c    0000003c     rf_multiMode_cc13x2.aem4f : RFCC26X2_multiMode.c.cc13x2.ccs.o (.text:RF_cmdGet)
                  00004da8    0000003c                               : RFCC26X2_multiMode.c.cc13x2.ccs.o (.text:RF_cmdStoreEvents)
                  00004de4    0000003c     rom_sysbios.aem4f : rom_sysbios.obj (.text:ti_sysbios_family_arm_m3_Hwi_construct2__E)
                  00004e20    00000038     drivers_cc13x2.a : PINCC26XX.oem4f (.text:PIN_setConfig)
                  00004e58    00000038     rf_multiMode_cc13x2.aem4f : RFCC26X2_multiMode.c.cc13x2.ccs.o (.text:RF_checkCmdFsError)
                  00004e90    00000038     drivers_cc13x2.a : PowerCC26X2.oem4f (.text:notify)
                  00004ec8    00000038     rtsv7M4_T_le_v4SPD16_eabi.lib : fs_tod_t2.asm.obj (.text)
                  00004f00    00000036     rom_sysbios.aem4f : rom_sysbios.obj (.text:ti_sysbios_family_arm_cc26xx_Timer_setNextTick__E)
                  00004f36    00000002                       : rom_sysbios.obj (.text:xdc_runtime_SysCallback_defaultExit)
                  00004f38    00000034     driverlib.lib : aux_sysif.obj (.text:NOROM_AUXSYSIFOpModeChange)
                  00004f6c    00000034                   : sys_ctrl.obj (.text:NOROM_SysCtrlIdle)
                  00004fa0    00000034     rf_multiMode_cc13x2.aem4f : RFCC26X2_multiMode.c.cc13x2.ccs.o (.text:RF_powerConstraintRelease)
                  00004fd4    00000034                               : RFCC26X2_multiMode.c.cc13x2.ccs.o (.text:RF_runDirectImmediateCmd)
                  00005008    00000034     rom_sysbios.aem4f : rom_sysbios.obj (.text:usleep)
                  0000503c    00000030     drivers_cc13x2.a : PINCC26XX.oem4f (.text:PINCC26XX_setMux)
                  0000506c    00000030                      : PowerCC26X2.oem4f (.text:Power_releaseConstraint)
                  0000509c    00000030                      : PowerCC26X2.oem4f (.text:Power_setConstraint)
                  000050cc    00000030     release_pem4f.oem4f (.text:ti_sysbios_BIOS_atExitFunc__I)
                  000050fc    00000030     release_pem4f.oem4f (.text:ti_sysbios_BIOS_startFunc__I)
                  0000512c    00000030     rom_sysbios.aem4f : rom_sysbios.obj (.text:ti_sysbios_family_arm_cc26xx_Timer_getCurrentTick__E)
                  0000515c    00000030                       : rom_sysbios.obj (.text:ti_sysbios_family_arm_cc26xx_Timer_initDevice__I)
                  0000518c    00000030                       : rom_sysbios.obj (.text:ti_sysbios_knl_Clock_getTimeout__E)
                  000051bc    0000002e     rf_multiMode_cc13x2.aem4f : RFCC26X2_multiMode.c.cc13x2.ccs.o (.text:RF_queueEnd)
                  000051ea    00000002     rom_sysbios.aem4f : rom_sysbios.obj (.text:xdc_runtime_SysCallback_defaultFlush)
                  000051ec    0000002c     rf_multiMode_cc13x2.aem4f : RFCC26X2_multiMode.c.cc13x2.ccs.o (.text:RF_executeDirectImmediateCmd)
                  00005218    0000002c     dpl_cc13x2.a : SemaphoreP_tirtos.oem4f (.text:SemaphoreP_constructBinary)
                  00005244    0000002c     rom_sysbios.aem4f : rom_sysbios.obj (.text:_pthread_delete$45)
                  00005270    0000002c     rf_multiMode_cc13x2.aem4f : rf_patch_cpe_ieee_802_15_4.c.cc13x2.ccs.o (.text:applyIeee802154Patch)
                  0000529c    0000002c     ti_drivers_config.obj (.text:initAntennaSwitch)
                  000052c8    0000002c     rom_sysbios.aem4f : rom_sysbios.obj (.text:pthread_setcancelstate)
                  000052f4    0000002c                       : rom_sysbios.obj (.text:ti_sysbios_knl_Clock_getTicksUntilInterrupt__E)
                  00005320    0000002a     drivers_cc13x2.a : List.oem4f (.text:List_insert)
                  0000534a    0000002a     rf_multiMode_cc13x2.aem4f : RFCC26X2_multiMode.c.cc13x2.ccs.o (.text:RF_searchAndReplacePAOverride)
                  00005374    00000028                               : rfc.c.cc13x2.ccs.o (.text:NOROM_RFCOverrideSearch)
                  0000539c    00000028     drivers_cc13x2.a : PowerCC26X2.oem4f (.text:Power_registerNotify)
                  000053c4    00000028     rf_multiMode_cc13x2.aem4f : RFCC26X2_multiMode.c.cc13x2.ccs.o (.text:RF_calculateDeltaTimeUs)
                  000053ec    00000028                               : RFCC26X2_multiMode.c.cc13x2.ccs.o (.text:RF_runScheduleCmd)
                  00005414    00000028     drivers_cc13x2.a : PowerCC26X2.oem4f (.text:oscillatorISR)
                  0000543c    00000026                      : List.oem4f (.text:List_put)
                  00005462    00000026                      : List.oem4f (.text:List_putHead)
                  00005488    00000026                      : List.oem4f (.text:List_remove)
                  000054ae    00000002     rom_sysbios.aem4f : rom_sysbios.obj (.text:xdc_runtime_SysCallback_defaultPutch)
                  000054b0    00000024     driverlib.lib : osc.obj (.text:NOROM_OSCHF_TurnOnXosc)
                  000054d4    00000024     rf_multiMode_cc13x2.aem4f : rfc.c.cc13x2.ccs.o (.text:NOROM_RFCDoorbellSendTo)
                  000054f8    00000024     ti_drivers_config.obj (.text:PINCC26XX_setOutputValue)
                  0000551c    00000024     rf_multiMode_cc13x2.aem4f : RFCC26X2_multiMode.c.cc13x2.ccs.o (.text:RF_cmdAlloc)
                  00005540    00000024     ti_drivers_config.obj (.text:RF_globalCallbackFunction)
                  00005564    00000024     rf_multiMode_cc13x2.aem4f : RFCC26X2_multiMode.c.cc13x2.ccs.o (.text:RF_invokeGlobalCallback)
                  00005588    00000024     rom_sysbios.aem4f : rom_sysbios.obj (.text:_pthread_cleanupFxn)
                  000055ac    00000024     drivers_cc13x2.a : PowerCC26X2_calibrateRCOSC.oem4f (.text:getTdcSemaphore)
                  000055d0    00000024     rom_sysbios.aem4f : rom_sysbios.obj (.text:pthread_attr_init)
                  000055f4    00000024     release_pem4f.oem4f (.text:ti_sysbios_BIOS_registerRTSLock__I)
                  00005618    00000024     release_pem4f.oem4f (.text:ti_sysbios_BIOS_removeRTSLock__I)
                  0000563c    00000024     rom_sysbios.aem4f : rom_sysbios.obj (.text:ti_sysbios_family_arm_cc26xx_Timer_getMaxTicks__E)
                  00005660    00000022     drivers_cc13x2.a : List.oem4f (.text:List_get)
                  00005682    00000002     --HOLE-- [fill = 0]
                  00005684    00000020     ti_drivers_config.obj (.text:Board_init)
                  000056a4    00000020     dpl_cc13x2.a : HwiP_tirtos.oem4f (.text:HwiP_setFunc)
                  000056c4    00000020     drivers_cc13x2.a : PINCC26XX.oem4f (.text:PINCC26XX_setIoCfgMux)
                  000056e4    00000020                      : PowerCC26X2.oem4f (.text:Power_unregisterNotify)
                  00005704    00000020     rf_multiMode_cc13x2.aem4f : RFCC26X2_multiMode.c.cc13x2.ccs.o (.text:RF_clkPowerUp)
                  00005724    00000020                               : RFCC26X2_multiMode.c.cc13x2.ccs.o (.text:RF_hwiCpe0ChangePhy)
                  00005744    00000020                               : RFCC26X2_multiMode.c.cc13x2.ccs.o (.text:RF_isStateTransitionAllowed)
                  00005764    00000020                               : RFCC26X2_multiMode.c.cc13x2.ccs.o (.text:RF_ratIsRunning)
                  00005784    00000020                               : RFCC26X2_multiMode.c.cc13x2.ccs.o (.text:RF_setTxPower)
                  000057a4    00000020     rtsv7M4_T_le_v4SPD16_eabi.lib : u_tofd_t2.asm.obj (.text)
                  000057c4    00000020     release_pem4f.oem4f (.text:ti_sysbios_BIOS_rtsLock__I)
                  000057e4    00000020     rom_sysbios.aem4f : rom_sysbios.obj (.text:ti_sysbios_family_arm_cc26xx_Timer_dynamicStub__E)
                  00005804    00000020                       : rom_sysbios.obj (.text:xdc_runtime_Error_policyMin__E)
                  00005824    0000001e     drivers_cc13x2.a : PINCC26XX.oem4f (.text:PIN_close)
                  00005842    0000001e                      : PowerCC26X2.oem4f (.text:Power_getTransitionLatency)
                  00005860    0000001e     rf_multiMode_cc13x2.aem4f : rf_patch_cpe_ieee_802_15_4.c.cc13x2.ccs.o (.text:configureIeee802154Patch)
                  0000587e    00000002     --HOLE-- [fill = 0]
                  00005880    0000001c     driverlib.lib : chipinfo.obj (.text:NOROM_ChipInfo_GetChipFamily)
                  0000589c    0000001c     drivers_cc13x2.a : PINCC26XX.oem4f (.text:PIN_hwi)
                  000058b8    0000001c     dpl_cc13x2.a : PowerCC26X2_tirtos.oem4f (.text:PowerCC26XX_schedulerDisable)
                  000058d4    0000001c                  : PowerCC26X2_tirtos.oem4f (.text:PowerCC26XX_schedulerRestore)
                  000058f0    0000001c     rf_multiMode_cc13x2.aem4f : RFCC26X2_multiMode.c.cc13x2.ccs.o (.text:RF_ScheduleCmdParams_init)
                  0000590c    0000001c                               : RFCC26X2_multiMode.c.cc13x2.ccs.o (.text:RF_clkInactivityCallback)
                  00005928    0000001c                               : RFCC26X2_multiMode.c.cc13x2.ccs.o (.text:RF_getPAOverrideOffsetAndValue)
                  00005944    0000001c                               : RFCC26X2_multiMode.c.cc13x2.ccs.o (.text:RF_powerConstraintSet)
                  00005960    0000001c     rom_sysbios.aem4f : rom_sysbios.obj (.text:ti_sysbios_knl_Swi_construct2__E)
                  0000597c    0000001c     release_pem4f.oem4f (.text:xdc_runtime_Startup_exec__I)
                  00005998    0000001a     drivers_cc13x2.a : PowerCC26X2.oem4f (.text:PowerCC26XX_calibrate)
                  000059b2    00000002     --HOLE-- [fill = 0]
                  000059b4    00000018     driverlib.lib : chipinfo.obj (.text:NOROM_ChipInfo_GetPackageType)
                  000059cc    00000018     drivers_cc13x2.a : PowerCC26X2.oem4f (.text:Power_idleFunc)
                  000059e4    00000018     rf_multiMode_cc13x2.aem4f : RFCC26X2_multiMode.c.cc13x2.ccs.o (.text:RF_swiFsm)
                  000059fc    00000018     rtsv7M4_T_le_v4SPD16_eabi.lib : args_main.c.obj (.text:_args_main)
                  00005a14    00000018                                   : ll_mul_t2.asm.obj (.text)
                  00005a2c    00000018     drivers_cc13x2.a : PowerCC26X2.oem4f (.text:switchToTCXO)
                  00005a44    00000018     release_pem4f.oem4f (.text:ti_sysbios_BIOS_rtsUnlock__I)
                  00005a5c    00000018     rom_sysbios.aem4f : rom_sysbios.obj (.text:ti_sysbios_knl_Swi_or__E)
                  00005a74    00000018                       : rom_sysbios.obj (.text:ti_sysbios_rts_ti_ReentSupport_getReent__F)
                  00005a8c    00000018                       : rom_sysbios.obj (.text:xdc_runtime_Error_init__E)
                  00005aa4    00000016     driverlib.lib : chipinfo.obj (.text:NOROM_ThisLibraryIsFor_CC13x2_CC26x2_HwRev20AndLater_HaltIfViolated)
                  00005aba    00000016     rf_multiMode_cc13x2.aem4f : RFCC26X2_multiMode.c.cc13x2.ccs.o (.text:RF_restartClockTimeout)
                  00005ad0    00000016     rom_sysbios.aem4f : rom_sysbios.obj (.text:_pthread_cleanup_pop)
                  00005ae6    00000016     release_pem4f.oem4f (.text:ti_sysbios_BIOS_exitFunc__I)
                  00005afc    00000014     drivers_cc13x2.a : List.oem4f (.text:List_clearList)
                  00005b10    00000014     rf_multiMode_cc13x2.aem4f : rfc.c.cc13x2.ccs.o (.text:NOROM_RFCCpeIntGetAndClear)
                  00005b24    00000014     drivers_cc13x2.a : PINCC26XX.oem4f (.text:PINCC26XX_getInputValue)
                  00005b38    00000014                      : PINCC26XX.oem4f (.text:PINCC26XX_getOutputValue)
                  00005b4c    00000014                      : PINCC26XX.oem4f (.text:PINCC26XX_getPinCount)
                  00005b60    00000014                      : PowerCC26X2_calibrateRCOSC.oem4f (.text:PowerCC26X2_calibrate)
                  00005b74    00000014     rf_multiMode_cc13x2.aem4f : RFCC26X2_multiMode.c.cc13x2.ccs.o (.text:RF_Params_init)
                  00005b88    00000014                               : RFCC26X2_multiMode.c.cc13x2.ccs.o (.text:RF_dbellSyncOnAck)
                  00005b9c    00000014                               : RFCC26X2_multiMode.c.cc13x2.ccs.o (.text:RF_ratGetChannel)
                  00005bb0    00000014     rom_sysbios.aem4f : rom_sysbios.obj (.text:pthread_attr_setschedparam)
                  00005bc4    00000014                       : rom_sysbios.obj (.text:ti_sysbios_family_arm_cc26xx_Timer_getCount64__E)
                  00005bd8    00000014     release_pem4f.oem4f (.text:ti_sysbios_knl_Clock_doTick__I)
                  00005bec    00000012     dpl_cc13x2.a : SemaphoreP_tirtos.oem4f (.text:SemaphoreP_pend)
                  00005bfe    00000012     rom_sysbios.aem4f : rom_sysbios.obj (.text:_pthread_runStub$45)
                  00005c10    00000010     dpl_cc13x2.a : ClockP_tirtos.oem4f (.text:ClockP_isActive)
                  00005c20    00000010                  : HwiP_tirtos.oem4f (.text:HwiP_Params_init)
                  00005c30    00000010     rf_multiMode_cc13x2.aem4f : rfc.c.cc13x2.ccs.o (.text:NOROM_RFCHwIntGetAndClear)
                  00005c40    00000010                               : RFCC26X2_multiMode.c.cc13x2.ccs.o (.text:RF_dbellSubmitCmdAsync)
                  00005c50    00000010                               : RFCC26X2_multiMode.c.cc13x2.ccs.o (.text:RF_isClientOwner)
                  00005c60    00000010     dpl_cc13x2.a : SwiP_tirtos.oem4f (.text:SwiP_Params_init)
                  00005c70    00000010     ti_drivers_config.obj (.text:rfDriverCallback)
                  00005c80    00000010     rom_sysbios.aem4f : rom_sysbios.obj (.text:ti_sysbios_family_arm_m3_Hwi_post__E)
                  00005c90    0000000e     rf_multiMode_cc13x2.aem4f : RFCC26X2_multiMode.c.cc13x2.ccs.o (.text:RF_getSwitchingTimeInUs)
                  00005c9e    0000000e     rtsv7M4_T_le_v4SPD16_eabi.lib : copy_decompress_none.c.obj (.text:decompress:none:__TI_decompress_none)
                  00005cac    0000000e     rom_sysbios.aem4f : rom_sysbios.obj (.text:pthread_attr_setdetachstate)
                  00005cba    0000000e                       : rom_sysbios.obj (.text:ti_sysbios_family_arm_cc26xx_TimestampProvider_get32__E)
                  00005cc8    0000000c     dpl_cc13x2.a : ClockP_tirtos.oem4f (.text:ClockP_getSystemTickPeriod)
                  00005cd4    0000000c     driverlib.lib : cpu.obj (.text:NOROM_CPUcpsid)
                  00005ce0    0000000c                   : cpu.obj (.text:NOROM_CPUcpsie)
                  00005cec    0000000c     drivers_cc13x2.a : PowerCC26X2.oem4f (.text:Power_getConstraintMask)
                  00005cf8    0000000c                      : PowerCC26X2.oem4f (.text:Power_getDependencyCount)
                  00005d04    0000000c     rf_multiMode_cc13x2.aem4f : RFCC26X2_multiMode.c.cc13x2.ccs.o (.text:RF_powerConstraintGet)
                  00005d10    0000000c     rtsv7M4_T_le_v4SPD16_eabi.lib : _lock.c.obj (.text:_register_lock)
                  00005d1c    0000000c                                   : _lock.c.obj (.text:_register_unlock)
                  00005d28    0000000c                                   : copy_zero_init.c.obj (.text:decompress:ZI:__TI_zero_init)
                  00005d34    0000000c     rom_sysbios.aem4f : rom_sysbios.obj (.text:pthread_self)
                  00005d40    0000000c                       : rom_sysbios.obj (.text:ti_sysbios_knl_Queue_insert__E)
                  00005d4c    0000000c                       : rom_sysbios.obj (.text:ti_sysbios_knl_Swi_getTrigger__E)
                  00005d58    0000000a     dpl_cc13x2.a : ClockP_tirtos.oem4f (.text:ClockP_Params_init)
                  00005d62    0000000a     release_pem4f.oem4f (.text:ti_sysbios_rts_ti_ReentSupport_getTlsAddr__I)
                  00005d6c    00000008     release_pem4f.oem4f (.text:xdc_runtime_Text_visitRope__I)
                  00005d74    00000006     driverlib.lib : cpu.obj (.text:NOROM_CPUdelay)
                  00005d7a    00000006     rf_multiMode_cc13x2.aem4f : RFCC26X2_multiMode.c.cc13x2.ccs.o (.text:RF_clkReqAccess)
                  00005d80    00000006     drivers_cc13x2.a : PowerCC26X2.oem4f (.text:delayUs)
                  00005d86    00000006     rom_sysbios.aem4f : rom_sysbios.obj (.text:pthread_attr_setstacksize)
                  00005d8c    00000006                       : rom_sysbios.obj (.text:ti_sysbios_family_arm_m3_Hwi_setFunc__E)
                  00005d92    00000004     dpl_cc13x2.a : PowerCC26X2_tirtos.oem4f (.text:CPUwfi)
                  00005d96    00000004                  : ClockP_tirtos.oem4f (.text:ClockP_destruct)
                  00005d9a    00000004                  : ClockP_tirtos.oem4f (.text:ClockP_getTimeout)
                  00005d9e    00000004                  : ClockP_tirtos.oem4f (.text:ClockP_setTimeout)
                  00005da2    00000004                  : ClockP_tirtos.oem4f (.text:ClockP_start)
                  00005da6    00000004                  : ClockP_tirtos.oem4f (.text:ClockP_stop)
                  00005daa    00000004                  : HwiP_tirtos.oem4f (.text:HwiP_destruct)
                  00005dae    00000004                  : HwiP_tirtos.oem4f (.text:HwiP_disable)
                  00005db2    00000004                  : HwiP_tirtos.oem4f (.text:HwiP_enableInterrupt)
                  00005db6    00000004                  : HwiP_tirtos.oem4f (.text:HwiP_post)
                  00005dba    00000004     rf_multiMode_cc13x2.aem4f : rfc.c.cc13x2.ccs.o (.text:NOROM_RFCOverrideUpdate)
                  00005dbe    00000004                               : RFCC26X2_multiMode.c.cc13x2.ccs.o (.text:RF_defaultExecutionPolicy)
                  00005dc2    00000004     dpl_cc13x2.a : SemaphoreP_tirtos.oem4f (.text:SemaphoreP_destruct)
                  00005dc6    00000004                  : SemaphoreP_tirtos.oem4f (.text:SemaphoreP_post)
                  00005dca    00000004                  : SwiP_tirtos.oem4f (.text:SwiP_destruct)
                  00005dce    00000004                  : SwiP_tirtos.oem4f (.text:SwiP_disable)
                  00005dd2    00000004                  : SwiP_tirtos.oem4f (.text:SwiP_getTrigger)
                  00005dd6    00000004                  : SwiP_tirtos.oem4f (.text:SwiP_or)
                  00005dda    00000004     rom_sysbios.aem4f : rom_sysbios.obj (.text:__aeabi_errno_addr)
                  00005dde    00000004     drivers_cc13x2.a : PowerCC26X2.oem4f (.text:configureRFCoreClocks)
                  00005de2    00000004                      : PowerCC26X2.oem4f (.text:nopResourceHandler)
                  00005de6    00000004     rom_sysbios.aem4f : rom_sysbios.obj (.text:ti_sysbios_knl_Clock_isActive__E)
                  00005dea    00000004                       : rom_sysbios.obj (.text:ti_sysbios_knl_Task_getArg1__E)
                  00005dee    00000004                       : rom_sysbios.obj (.text:ti_sysbios_knl_Task_getEnv__E)
                  00005df2    00000004     release_pem4f.oem4f (.text:xdc_runtime_Startup_reset__I)
                  00005df6    00000004     rom_sysbios.aem4f : rom_sysbios.obj (.text:xdc_runtime_SysCallback_defaultReady)
                  00005dfa    00000002     --HOLE-- [fill = 0]
                  00005dfc    00000008     (.tramp.ti_sysbios_knl_Swi_destruct.1)
                  00005e04    00000008     (.tramp.ti_sysbios_family_arm_m3_Hwi_enableInterrupt__E.1)
                  00005e0c    00000008     (.tramp.ti_sysbios_family_arm_m3_Hwi_destruct.1)
                  00005e14    00000008     (.tramp.ti_sysbios_knl_Clock_destruct.1)
                  00005e1c    00000008     (.tramp.ti_sysbios_knl_Task_self__E.1)
                  00005e24    00000008     (.tramp.ti_sysbios_knl_Clock_logTick__E.1)
                  00005e2c    00000008     (.tramp.ti_sysbios_BIOS_getThreadType__E.1)
                  00005e34    00000008     (.tramp.ti_sysbios_knl_Swi_post__E.1)
                  00005e3c    00000008     (.tramp.ti_sysbios_BIOS_RtsGateProxy_leave__E.1)
                  00005e44    00000008     (.tramp.ti_sysbios_knl_Swi_construct.1)
                  00005e4c    00000008     (.tramp.ti_sysbios_BIOS_RtsGateProxy_enter__E.1)
                  00005e54    00000008     (.tramp.ti_sysbios_family_arm_m3_Hwi_disableFxn__E.1)
                  00005e5c    00000008     (.tramp.ti_sysbios_knl_Clock_TimerProxy_getCurrentTick__E.1)
                  00005e64    00000008     (.tramp.ti_sysbios_knl_Task_delete.1)
                  00005e6c    00000008     (.tramp.ti_sysbios_knl_Semaphore_destruct.1)
                  00005e74    00000008     (.tramp.ti_sysbios_knl_Clock_getTicks__E.1)
                  00005e7c    00000008     (.tramp.ti_sysbios_knl_Task_startup__E.1)
                  00005e84    00000008     (.tramp.ti_sysbios_knl_Swi_startup__E.1)
                  00005e8c    00000008     (.tramp.ti_sysbios_hal_Hwi_startup__E.1)
                  00005e94    00000008     (.tramp.ti_sysbios_family_arm_cc26xx_Timer_startup__E.1)
                  00005e9c    00000008     (.tramp.xdc_runtime_System_atexit__E.1)
                  00005ea4    00000008     (.tramp.ti_sysbios_BIOS_linkedWithIncorrectBootLibrary__E.1)
                  00005eac    00000008     (.tramp.xdc_runtime_Startup_rtsDone__E.1)
                  00005eb4    00000008     (.tramp.ti_sysbios_knl_Swi_disable__E.1)
                  00005ebc    00000008     (.tramp.ti_sysbios_knl_Task_sleep__E.1)
                  00005ec4    00000008     (.tramp.ti_sysbios_family_arm_m3_Hwi_construct.1)
                  00005ecc    00000008     (.tramp.ti_sysbios_family_arm_m3_Hwi_Params__init__S.1)
                  00005ed4    00000008     (.tramp.ti_sysbios_knl_Clock_construct.1)
                  00005edc    00000008     (.tramp.ti_sysbios_knl_Clock_Params__init__S.1)
                  00005ee4    00000008     (.tramp.ti_sysbios_knl_Swi_Params__init__S.1)
                  00005eec    00000008     (.tramp.ti_sysbios_heaps_HeapMem_Module_GateProxy_leave__E.1)
                  00005ef4    00000008     (.tramp.ti_sysbios_heaps_HeapMem_Module_GateProxy_enter__E.1)
                  00005efc    00000008     (.tramp.xdc_runtime_System_exit__E.1)
                  00005f04    00000008     (.tramp.ti_sysbios_heaps_HeapMem_restore__E.1)
                  00005f0c    00000008     (.tramp.ti_sysbios_heaps_HeapMem_Object__get__S.1)
                  00005f14    00000008     (.tramp.ti_sysbios_BIOS_start__E.1)
                  00005f1c    00000008     (.tramp.xdc_runtime_Error_raiseX__E.1)
                  00005f24    00000008     (.tramp.ti_sysbios_BIOS_setThreadType__E.1)
                  00005f2c    00000008     (.tramp.ti_sysbios_family_arm_m3_Hwi_excFillContext__I.1)
                  00005f34    00000008     (.tramp.ti_sysbios_knl_Semaphore_post__E.1)
                  00005f3c    00000008     (.tramp.xdc_runtime_Memory_free__E.1)
                  00005f44    00000008     (.tramp.ti_sysbios_knl_Queue_next__E.1)
                  00005f4c    00000008     (.tramp.ti_sysbios_knl_Queue_head__E.1)
                  00005f54    00000008     (.tramp.ti_sysbios_knl_Semaphore_pend__E.1)
                  00005f5c    00000008     (.tramp.ti_sysbios_knl_Task_restore__E.1)
                  00005f64    00000008     (.tramp.ti_sysbios_knl_Queue_enqueue__E.1)
                  00005f6c    00000008     (.tramp.ti_sysbios_knl_Queue_empty__E.1)
                  00005f74    00000008     (.tramp.ti_sysbios_knl_Queue_remove__E.1)
                  00005f7c    00000008     (.tramp.ti_sysbios_knl_Task_disable__E.1)
                  00005f84    00000008     (.tramp.ti_sysbios_knl_Clock_stop__E.1)
                  00005f8c    00000008     (.tramp.ti_sysbios_knl_Clock_start__E.1)
                  00005f94    00000008     (.tramp.ti_sysbios_knl_Clock_setTimeout__E.1)
                  00005f9c    00000008     (.tramp.ti_sysbios_knl_Swi_restore__E.1)
                  00005fa4    00000008     (.tramp.ti_sysbios_knl_Task_create.1)
                  00005fac    00000008     (.tramp.ti_sysbios_knl_Semaphore_construct.1)
                  00005fb4    00000008     (.tramp.ti_sysbios_knl_Semaphore_Params__init__S.1)
                  00005fbc    00000008     (.tramp.ti_sysbios_knl_Queue_construct.1)
                  00005fc4    00000008     (.tramp.xdc_runtime_Memory_alloc__E.1)
                  00005fcc    00000008     (.tramp.ti_sysbios_knl_Task_Params__init__S.1)
                  00005fd4    00000008     (.tramp.xdc_runtime_System_doPrint__I.1)
                  00005fdc    00000008     (.tramp.ti_sysbios_family_arm_m3_Hwi_restoreFxn__E.1)

.const     0    00005fe4    000006fc     
                  00005fe4    000003b8     release_pem4f.oem4f (.const:ROM_constStruct)
                  0000639c    00000168     rf_multiMode_cc13x2.aem4f : rf_patch_cpe_ieee_802_15_4.c.cc13x2.ccs.o (.const:patchImageIeee802154)
                  00006504    00000054     drivers_cc13x2.a : PowerCC26X2.oem4f (.const:resourceDB)
                  00006558    00000048     release_pem4f.oem4f (.const:.string)
                  000065a0    00000048     release_pem4f.oem4f (.const:ROM_externFuncPtrs)
                  000065e8    00000024     release_pem4f.oem4f (.const:xdc_runtime_Startup_sfxnTab__A)
                  0000660c    00000020     rf_multiMode_cc13x2.aem4f : RFCC26X2_multiMode.c.cc13x2.ccs.o (.const:RF_defaultParams)
                  0000662c    00000014     ti_drivers_config.obj (.const:$P$T2$4)
                  00006640    00000014     ti_drivers_config.obj (.const:BoardGpioInitTable)
                  00006654    00000014     ti_drivers_config.obj (.const:PowerCC26X2_config)
                  00006668    00000012     release_pem4f.oem4f (.const:xdc_runtime_Startup_sfxnRts__A)
                  0000667a    00000001     release_pem4f.oem4f (.const:xdc_runtime_Text_charTab__A)
                  0000667b    00000001     --HOLE-- [fill = 0]
                  0000667c    00000010     ti_drivers_config.obj (.const:$P$T0$1)
                  0000668c    0000000c     ti_drivers_config.obj (.const:RFCC26XX_hwAttrs)
                  00006698    0000000c     release_pem4f.oem4f (.const:xdc_runtime_Startup_firstFxns__A)
                  000066a4    00000008     driverlib.lib : aux_sysif.obj (.const:$O1$$)
                  000066ac    00000008     ti_drivers_config.obj (.const:$P$T1$3)
                  000066b4    00000008     ti_drivers_config.obj (.const:PINCC26XX_hwAttrs)
                  000066bc    00000008     release_pem4f.oem4f (.const:ti_sysbios_family_arm_m3_Hwi_excHookFuncs__A)
                  000066c4    00000008     release_pem4f.oem4f (.const:ti_sysbios_knl_Idle_funcList__A)
                  000066cc    00000004     release_pem4f.oem4f (.const:ti_sysbios_family_arm_m3_Hwi_E_exception__C)
                  000066d0    00000004     release_pem4f.oem4f (.const:ti_sysbios_heaps_HeapMem_primaryHeapBaseAddr__C)
                  000066d4    00000004     release_pem4f.oem4f (.const:ti_sysbios_heaps_HeapMem_primaryHeapEndAddr__C)
                  000066d8    00000004     release_pem4f.oem4f (.const:ti_sysbios_knl_Clock_tickPeriod__C)
                  000066dc    00000004     release_pem4f.oem4f (.const:ti_sysbios_knl_Task_Object__heap__C)

MODULE SUMMARY

       Module                                      code    ro data   rw data
       ------                                      ----    -------   -------
    .\
       rfPacketTx.obj                              820     0         342    
       main_tirtos.obj                             104     0         0      
    +--+-------------------------------------------+-------+---------+---------+
       Total:                                      924     0         342    
                                                                            
    .\syscfg\
       ti_drivers_config.obj                       898     104       17     
       ti_radio_config.obj                         0       0         304    
       ti_devices_config.obj                       0       88        0      
    +--+-------------------------------------------+-------+---------+---------+
       Total:                                      898     192       321    
                                                                            
    C:\Users\Paul\workspace_v10\tirtos_builds_cc13x2_cc26x2_release_ccs\Debug\configPkg\package\cfg\
       release_pem4f.oem4f                         802     1259      1802   
    +--+-------------------------------------------+-------+---------+---------+
       Total:                                      802     1259      1802   
                                                                            
    C:/ti/simplelink_cc13x2_26x2_sdk_5_10_00_48/kernel/tirtos/packages/ti/dpl/lib/ccs/m4f/dpl_cc13x2.a
       PowerCC26X2_tirtos.oem4f                    260     0         8      
       HwiP_tirtos.oem4f                           126     0         0      
       ClockP_tirtos.oem4f                         122     0         0      
       SwiP_tirtos.oem4f                           116     0         0      
       SemaphoreP_tirtos.oem4f                     70      0         0      
    +--+-------------------------------------------+-------+---------+---------+
       Total:                                      694     0         8      
                                                                            
    C:/ti/simplelink_cc13x2_26x2_sdk_5_10_00_48/source/ti/devices/cc13x2_cc26x2/driverlib/bin/ccs/driverlib.lib
       sys_ctrl.obj                                420     0         0      
       osc.obj                                     340     0         36     
       setup.obj                                   324     0         0      
       chipinfo.obj                                270     0         0      
       prcm.obj                                    160     0         0      
       aux_sysif.obj                               52      8         0      
       cpu.obj                                     30      0         0      
       driverlib_release.obj                       0       0         1      
    +--+-------------------------------------------+-------+---------+---------+
       Total:                                      1596    8         37     
                                                                            
    C:/ti/simplelink_cc13x2_26x2_sdk_5_10_00_48/source/ti/drivers/lib/ccs/m4f/drivers_cc13x2.a
       PowerCC26X2.oem4f                           2196    84        368    
       PINCC26XX.oem4f                             1422    0         336    
       PowerCC26X2_calibrateRCOSC.oem4f            1400    0         0      
       List.oem4f                                  210     0         0      
    +--+-------------------------------------------+-------+---------+---------+
       Total:                                      5228    84        704    
                                                                            
    C:/ti/simplelink_cc13x2_26x2_sdk_5_10_00_48/source/ti/drivers/rf/lib/rf_multiMode_cc13x2.aem4f
       RFCC26X2_multiMode.c.cc13x2.ccs.o           9072    32        1317   
       rf_patch_cpe_ieee_802_15_4.c.cc13x2.ccs.o   74      360       1      
       rfc.c.cc13x2.ccs.o                          302     0         0      
    +--+-------------------------------------------+-------+---------+---------+
       Total:                                      9448    392       1318   
                                                                            
    C:\Users\Paul\workspace_v10\tirtos_builds_cc13x2_cc26x2_release_ccs\src\sysbios\rom_sysbios.aem4f
       rom_sysbios.obj                             2265    0         180    
    +--+-------------------------------------------+-------+---------+---------+
       Total:                                      2265    0         180    
                                                                            
    C:\ti\ccs1031\ccs\tools\compiler\ti-cgt-arm_20.2.4.LTS\lib\rtsv7M4_T_le_v4SPD16_eabi.lib
       fd_add_t2.asm.obj                           438     0         0      
       fd_cmp_t2.asm.obj                           268     0         0      
       fd_mul_t2.asm.obj                           252     0         0      
       memcpy_t2.asm.obj                           156     0         0      
       ull_div_t2.asm.obj                          150     0         0      
       memset_t2.asm.obj                           122     0         0      
       copy_decompress_lzss.c.obj                  104     0         0      
       cpy_tbl.c.obj                               76      0         0      
       fd_tou_t2.asm.obj                           68      0         0      
       u_divt2.asm.obj                             64      0         0      
       fs_tod_t2.asm.obj                           56      0         0      
       _lock.c.obj                                 26      0         8      
       u_tofd_t2.asm.obj                           32      0         0      
       args_main.c.obj                             24      0         0      
       ll_mul_t2.asm.obj                           24      0         0      
       copy_decompress_none.c.obj                  14      0         0      
       copy_zero_init.c.obj                        12      0         0      
       stkdepth_vars.c.obj                         0       0         4      
       div0.asm.obj                                2       0         0      
    +--+-------------------------------------------+-------+---------+---------+
       Total:                                      1888    0         12     
                                                                            
    C:\ti\simplelink_cc13x2_26x2_sdk_5_10_00_48\kernel\tirtos\packages\ti\targets\arm\rtsarm\lib\auto_init.aem4f
       auto_init.oem4f                             160     0         0      
    +--+-------------------------------------------+-------+---------+---------+
       Total:                                      160     0         0      
                                                                            
    C:\ti\simplelink_cc13x2_26x2_sdk_5_10_00_48\kernel\tirtos\packages\ti\targets\arm\rtsarm\lib\boot.aem4f
       boot.oem4f                                  88      0         0      
    +--+-------------------------------------------+-------+---------+---------+
       Total:                                      88      0         0      
                                                                            
       Stack:                                      0       0         1024   
       Linker Generated:                           488     730       0      
    +--+-------------------------------------------+-------+---------+---------+
       Grand Total:                                24479   2665      5748   


LINKER GENERATED COPY TABLES

__TI_cinit_table @ 00006998 records: 5, size/record: 8, table size: 40
	.data: load addr=000066e0, load size=00000286 bytes, run addr=20004110, run size=00000c04 bytes, compression=lzss
	.bss: load addr=00006978, load size=00000008 bytes, run addr=20004d18, run size=0000058c bytes, compression=zero_init
	.data:xdcRomConstPtr: load addr=00006980, load size=00000008 bytes, run addr=20000100, run size=00000004 bytes, compression=lzss
	.data:xdcRomExternFuncPtr: load addr=00006988, load size=00000008 bytes, run addr=20000104, run size=00000004 bytes, compression=lzss
	.data:xdcRomStatePtr: load addr=00006990, load size=00000008 bytes, run addr=20000108, run size=00000004 bytes, compression=lzss


LINKER GENERATED HANDLER TABLE

__TI_handler_table @ 00006968 records: 3, size/record: 4, table size: 12
	index: 0, handler: __TI_decompress_lzss
	index: 1, handler: __TI_decompress_none
	index: 2, handler: __TI_zero_init


FAR CALL TRAMPOLINES

callee name               trampoline name
   callee addr  tramp addr   call addr  call info
--------------  -----------  ---------  ----------------
ti_sysbios_knl_Swi_destruct  $Tramp$TT$L$PI$$ti_sysbios_knl_Swi_destruct
   1002e8bd     00005dfc     00005dca   dpl_cc13x2.a : SwiP_tirtos.oem4f (.text:SwiP_destruct)
ti_sysbios_family_arm_m3_Hwi_enableInterrupt__E  $Tramp$TT$L$PI$$ti_sysbios_family_arm_m3_Hwi_enableInterrupt__E
   1002d91d     00005e04     00005db2   dpl_cc13x2.a : HwiP_tirtos.oem4f (.text:HwiP_enableInterrupt)
ti_sysbios_family_arm_m3_Hwi_destruct  $Tramp$TT$L$PI$$ti_sysbios_family_arm_m3_Hwi_destruct
   1002e475     00005e0c     00005daa   dpl_cc13x2.a : HwiP_tirtos.oem4f (.text:HwiP_destruct)
ti_sysbios_knl_Clock_destruct  $Tramp$TT$L$PI$$ti_sysbios_knl_Clock_destruct
   1002e649     00005e14     00005d96   dpl_cc13x2.a : ClockP_tirtos.oem4f (.text:ClockP_destruct)
ti_sysbios_knl_Task_self__E  $Tramp$TT$L$PI$$ti_sysbios_knl_Task_self__E
   1002eaf5     00005e1c     00005d36   rom_sysbios.aem4f : rom_sysbios.obj (.text:pthread_self)
                             00005d64   release_pem4f.oem4f (.text:ti_sysbios_rts_ti_ReentSupport_getTlsAddr__I)
ti_sysbios_knl_Clock_logTick__E  $Tramp$TT$L$PI$$ti_sysbios_knl_Clock_logTick__E
   1002dbd7     00005e24     00005bda   release_pem4f.oem4f (.text:ti_sysbios_knl_Clock_doTick__I)
ti_sysbios_BIOS_getThreadType__E  $Tramp$TT$L$PI$$ti_sysbios_BIOS_getThreadType__E
   1002ea95     00005e2c     00005a76   rom_sysbios.aem4f : rom_sysbios.obj (.text:ti_sysbios_rts_ti_ReentSupport_getReent__F)
ti_sysbios_knl_Swi_post__E  $Tramp$TT$L$PI$$ti_sysbios_knl_Swi_post__E
   1002d891     00005e34     00005a70   rom_sysbios.aem4f : rom_sysbios.obj (.text:ti_sysbios_knl_Swi_or__E)
                             00005be2   release_pem4f.oem4f (.text:ti_sysbios_knl_Clock_doTick__I)
ti_sysbios_BIOS_RtsGateProxy_leave__E  $Tramp$TT$L$PI$$ti_sysbios_BIOS_RtsGateProxy_leave__E
   1002ec7b     00005e3c     00005a52   release_pem4f.oem4f (.text:ti_sysbios_BIOS_rtsUnlock__I)
ti_sysbios_knl_Swi_construct  $Tramp$TT$L$PI$$ti_sysbios_knl_Swi_construct
   1002d719     00005e44     00005966   rom_sysbios.aem4f : rom_sysbios.obj (.text:ti_sysbios_knl_Swi_construct2__E)
ti_sysbios_BIOS_RtsGateProxy_enter__E  $Tramp$TT$L$PI$$ti_sysbios_BIOS_RtsGateProxy_enter__E
   1002ec77     00005e4c     000057ca   release_pem4f.oem4f (.text:ti_sysbios_BIOS_rtsLock__I)
ti_sysbios_family_arm_m3_Hwi_disableFxn__E  $Tramp$TT$L$PI$$ti_sysbios_family_arm_m3_Hwi_disableFxn__E
   1002eb55     00005e54     000056ac   dpl_cc13x2.a : HwiP_tirtos.oem4f (.text:HwiP_setFunc)
                             00005dae                : HwiP_tirtos.oem4f (.text:HwiP_disable)
ti_sysbios_knl_Clock_TimerProxy_getCurrentTick__E  $Tramp$TT$L$PI$$ti_sysbios_knl_Clock_TimerProxy_getCurrentTick__E
   1002eac5     00005e5c     00005306   rom_sysbios.aem4f : rom_sysbios.obj (.text:ti_sysbios_knl_Clock_getTicksUntilInterrupt__E)
ti_sysbios_knl_Task_delete  $Tramp$TT$L$PI$$ti_sysbios_knl_Task_delete
   1002ece7     00005e64     00005258   rom_sysbios.aem4f : rom_sysbios.obj (.text:_pthread_delete$45)
ti_sysbios_knl_Semaphore_destruct  $Tramp$TT$L$PI$$ti_sysbios_knl_Semaphore_destruct
   1002e6fd     00005e6c     0000524c   rom_sysbios.aem4f : rom_sysbios.obj (.text:_pthread_delete$45)
                             00005dc2   dpl_cc13x2.a : SemaphoreP_tirtos.oem4f (.text:SemaphoreP_destruct)
ti_sysbios_knl_Clock_getTicks__E  $Tramp$TT$L$PI$$ti_sysbios_knl_Clock_getTicks__E
   1002dc11     00005e74     000051a0   rom_sysbios.aem4f : rom_sysbios.obj (.text:ti_sysbios_knl_Clock_getTimeout__E)
ti_sysbios_knl_Task_startup__E  $Tramp$TT$L$PI$$ti_sysbios_knl_Task_startup__E
   1002eceb     00005e7c     00005120   release_pem4f.oem4f (.text:ti_sysbios_BIOS_startFunc__I)
ti_sysbios_knl_Swi_startup__E  $Tramp$TT$L$PI$$ti_sysbios_knl_Swi_startup__E
   1002ec6b     00005e84     0000511c   release_pem4f.oem4f (.text:ti_sysbios_BIOS_startFunc__I)
ti_sysbios_hal_Hwi_startup__E  $Tramp$TT$L$PI$$ti_sysbios_hal_Hwi_startup__E
   1002ec31     00005e8c     00005118   release_pem4f.oem4f (.text:ti_sysbios_BIOS_startFunc__I)
ti_sysbios_family_arm_cc26xx_Timer_startup__E  $Tramp$TT$L$PI$$ti_sysbios_family_arm_cc26xx_Timer_startup__E
   1002dcf1     00005e94     00005114   release_pem4f.oem4f (.text:ti_sysbios_BIOS_startFunc__I)
xdc_runtime_System_atexit__E  $Tramp$TT$L$PI$$xdc_runtime_System_atexit__E
   1002f559     00005e9c     0000510c   release_pem4f.oem4f (.text:ti_sysbios_BIOS_startFunc__I)
ti_sysbios_BIOS_linkedWithIncorrectBootLibrary__E  $Tramp$TT$L$PI$$ti_sysbios_BIOS_linkedWithIncorrectBootLibrary__E
   1002d01b     00005ea4     00005106   release_pem4f.oem4f (.text:ti_sysbios_BIOS_startFunc__I)
xdc_runtime_Startup_rtsDone__E  $Tramp$TT$L$PI$$xdc_runtime_Startup_rtsDone__E
   1002f8e5     00005eac     000050fe   release_pem4f.oem4f (.text:ti_sysbios_BIOS_startFunc__I)
ti_sysbios_knl_Swi_disable__E  $Tramp$TT$L$PI$$ti_sysbios_knl_Swi_disable__E
   1002ea25     00005eb4     000050ce   release_pem4f.oem4f (.text:ti_sysbios_BIOS_atExitFunc__I)
                             000058c2   dpl_cc13x2.a : PowerCC26X2_tirtos.oem4f (.text:PowerCC26XX_schedulerDisable)
                             00005dce                : SwiP_tirtos.oem4f (.text:SwiP_disable)
ti_sysbios_knl_Task_sleep__E  $Tramp$TT$L$PI$$ti_sysbios_knl_Task_sleep__E
   1002ce01     00005ebc     0000502c   rom_sysbios.aem4f : rom_sysbios.obj (.text:usleep)
ti_sysbios_family_arm_m3_Hwi_construct  $Tramp$TT$L$PI$$ti_sysbios_family_arm_m3_Hwi_construct
   1002d421     00005ec4     00004dfe   rom_sysbios.aem4f : rom_sysbios.obj (.text:ti_sysbios_family_arm_m3_Hwi_construct2__E)
ti_sysbios_family_arm_m3_Hwi_Params__init__S  $Tramp$TT$L$PI$$ti_sysbios_family_arm_m3_Hwi_Params__init__S
   1002eb49     00005ecc     00004d0c   dpl_cc13x2.a : HwiP_tirtos.oem4f (.text:HwiP_construct)
ti_sysbios_knl_Clock_construct  $Tramp$TT$L$PI$$ti_sysbios_knl_Clock_construct
   1002dd8d     00005ed4     00004be6   dpl_cc13x2.a : ClockP_tirtos.oem4f (.text:ClockP_construct)
ti_sysbios_knl_Clock_Params__init__S  $Tramp$TT$L$PI$$ti_sysbios_knl_Clock_Params__init__S
   1002eb9d     00005edc     00004bcc   dpl_cc13x2.a : ClockP_tirtos.oem4f (.text:ClockP_construct)
ti_sysbios_knl_Swi_Params__init__S  $Tramp$TT$L$PI$$ti_sysbios_knl_Swi_Params__init__S
   1002ebf1     00005ee4     0000482a   dpl_cc13x2.a : SwiP_tirtos.oem4f (.text:SwiP_construct)
ti_sysbios_heaps_HeapMem_Module_GateProxy_leave__E  $Tramp$TT$L$PI$$ti_sysbios_heaps_HeapMem_Module_GateProxy_leave__E
   1002ecaf     00005eec     000046ce   rom_sysbios.aem4f : rom_sysbios.obj (.text:ti_sysbios_heaps_HeapMem_alloc__E)
ti_sysbios_heaps_HeapMem_Module_GateProxy_enter__E  $Tramp$TT$L$PI$$ti_sysbios_heaps_HeapMem_Module_GateProxy_enter__E
   1002ecab     00005ef4     000046b8   rom_sysbios.aem4f : rom_sysbios.obj (.text:ti_sysbios_heaps_HeapMem_alloc__E)
xdc_runtime_System_exit__E  $Tramp$TT$L$PI$$xdc_runtime_System_exit__E
   1002f7b1     00005efc     00004638   boot.aem4f : boot.oem4f (.text)
                             00005af6   release_pem4f.oem4f (.text:ti_sysbios_BIOS_exitFunc__I)
ti_sysbios_heaps_HeapMem_restore__E  $Tramp$TT$L$PI$$ti_sysbios_heaps_HeapMem_restore__E
   1002eb13     00005f04     000044d4   rom_sysbios.aem4f : rom_sysbios.obj (.text:ti_sysbios_heaps_HeapMem_initPrimary__I)
ti_sysbios_heaps_HeapMem_Object__get__S  $Tramp$TT$L$PI$$ti_sysbios_heaps_HeapMem_Object__get__S
   1002e275     00005f0c     000044a4   rom_sysbios.aem4f : rom_sysbios.obj (.text:ti_sysbios_heaps_HeapMem_initPrimary__I)
ti_sysbios_BIOS_start__E  $Tramp$TT$L$PI$$ti_sysbios_BIOS_start__E
   1002eaa5     00005f14     00004306   main_tirtos.obj (.text:main)
xdc_runtime_Error_raiseX__E  $Tramp$TT$L$PI$$xdc_runtime_Error_raiseX__E
   1002f739     00005f1c     00003a72   rom_sysbios.aem4f : rom_sysbios.obj (.text:ti_sysbios_family_arm_m3_Hwi_excHandlerMin__I)
                             000046e8                     : rom_sysbios.obj (.text:ti_sysbios_heaps_HeapMem_alloc__E)
ti_sysbios_BIOS_setThreadType__E  $Tramp$TT$L$PI$$ti_sysbios_BIOS_setThreadType__E
   1002ea11     00005f24     00003a32   rom_sysbios.aem4f : rom_sysbios.obj (.text:ti_sysbios_family_arm_m3_Hwi_excHandlerMin__I)
                             000050d8   release_pem4f.oem4f (.text:ti_sysbios_BIOS_atExitFunc__I)
                             00005af0   release_pem4f.oem4f (.text:ti_sysbios_BIOS_exitFunc__I)
ti_sysbios_family_arm_m3_Hwi_excFillContext__I  $Tramp$TT$L$PI$$ti_sysbios_family_arm_m3_Hwi_excFillContext__I
   1002bda9     00005f2c     00003a2c   rom_sysbios.aem4f : rom_sysbios.obj (.text:ti_sysbios_family_arm_m3_Hwi_excHandlerMin__I)
ti_sysbios_knl_Semaphore_post__E  $Tramp$TT$L$PI$$ti_sysbios_knl_Semaphore_post__E
   1002cd21     00005f34     000035c6   rom_sysbios.aem4f : rom_sysbios.obj (.text:_pthread_removeThreadKeys)
                             00004680                     : rom_sysbios.obj (.text:pthread_exit)
                             00005dc6   dpl_cc13x2.a : SemaphoreP_tirtos.oem4f (.text:SemaphoreP_post)
xdc_runtime_Memory_free__E  $Tramp$TT$L$PI$$xdc_runtime_Memory_free__E
   1002f81d     00005f3c     000035bc   rom_sysbios.aem4f : rom_sysbios.obj (.text:_pthread_removeThreadKeys)
                             00005264                     : rom_sysbios.obj (.text:_pthread_delete$45)
ti_sysbios_knl_Queue_next__E  $Tramp$TT$L$PI$$ti_sysbios_knl_Queue_next__E
   1002ecd7     00005f44     00003596   rom_sysbios.aem4f : rom_sysbios.obj (.text:_pthread_removeThreadKeys)
ti_sysbios_knl_Queue_head__E  $Tramp$TT$L$PI$$ti_sysbios_knl_Queue_head__E
   1002ecd3     00005f4c     00003582   rom_sysbios.aem4f : rom_sysbios.obj (.text:_pthread_removeThreadKeys)
ti_sysbios_knl_Semaphore_pend__E  $Tramp$TT$L$PI$$ti_sysbios_knl_Semaphore_pend__E
   1002bfb1     00005f54     0000357c   rom_sysbios.aem4f : rom_sysbios.obj (.text:_pthread_removeThreadKeys)
                             00005bee   dpl_cc13x2.a : SemaphoreP_tirtos.oem4f (.text:SemaphoreP_pend)
ti_sysbios_knl_Task_restore__E  $Tramp$TT$L$PI$$ti_sysbios_knl_Task_restore__E
   1002df45     00005f5c     000030ba   rom_sysbios.aem4f : rom_sysbios.obj (.text:ti_sysbios_knl_Task_setPri__E)
                             00003570                     : rom_sysbios.obj (.text:_pthread_removeThreadKeys)
                             000035d0                     : rom_sysbios.obj (.text:_pthread_removeThreadKeys)
                             00004692                     : rom_sysbios.obj (.text:pthread_exit)
                             00005598                     : rom_sysbios.obj (.text:_pthread_cleanupFxn)
                             000058e2   dpl_cc13x2.a : PowerCC26X2_tirtos.oem4f (.text:PowerCC26XX_schedulerRestore)
ti_sysbios_knl_Queue_enqueue__E  $Tramp$TT$L$PI$$ti_sysbios_knl_Queue_enqueue__E
   1002ebd9     00005f64     0000308c   rom_sysbios.aem4f : rom_sysbios.obj (.text:ti_sysbios_knl_Task_setPri__E)
ti_sysbios_knl_Queue_empty__E  $Tramp$TT$L$PI$$ti_sysbios_knl_Queue_empty__E
   1002eb21     00005f6c     00003074   rom_sysbios.aem4f : rom_sysbios.obj (.text:ti_sysbios_knl_Task_setPri__E)
                             00003568                     : rom_sysbios.obj (.text:_pthread_removeThreadKeys)
ti_sysbios_knl_Queue_remove__E  $Tramp$TT$L$PI$$ti_sysbios_knl_Queue_remove__E
   1002eb2f     00005f74     0000306e   rom_sysbios.aem4f : rom_sysbios.obj (.text:ti_sysbios_knl_Task_setPri__E)
                             0000359e                     : rom_sysbios.obj (.text:_pthread_removeThreadKeys)
                             000035a4                     : rom_sysbios.obj (.text:_pthread_removeThreadKeys)
ti_sysbios_knl_Task_disable__E  $Tramp$TT$L$PI$$ti_sysbios_knl_Task_disable__E
   1002ea4d     00005f7c     00003034   rom_sysbios.aem4f : rom_sysbios.obj (.text:ti_sysbios_knl_Task_setPri__E)
                             0000355e                     : rom_sysbios.obj (.text:_pthread_removeThreadKeys)
                             00004686                     : rom_sysbios.obj (.text:pthread_exit)
                             000050d2   release_pem4f.oem4f (.text:ti_sysbios_BIOS_atExitFunc__I)
                             0000558a   rom_sysbios.aem4f : rom_sysbios.obj (.text:_pthread_cleanupFxn)
                             000058ba   dpl_cc13x2.a : PowerCC26X2_tirtos.oem4f (.text:PowerCC26XX_schedulerDisable)
ti_sysbios_knl_Clock_stop__E  $Tramp$TT$L$PI$$ti_sysbios_knl_Clock_stop__E
   1002e2c5     00005f84     00002afa   dpl_cc13x2.a : PowerCC26X2_tirtos.oem4f (.text:PowerCC26XX_standbyPolicy)
                             00005da6                : ClockP_tirtos.oem4f (.text:ClockP_stop)
ti_sysbios_knl_Clock_start__E  $Tramp$TT$L$PI$$ti_sysbios_knl_Clock_start__E
   1002e9e7     00005f8c     00002ae6   dpl_cc13x2.a : PowerCC26X2_tirtos.oem4f (.text:PowerCC26XX_standbyPolicy)
                             00005da2                : ClockP_tirtos.oem4f (.text:ClockP_start)
ti_sysbios_knl_Clock_setTimeout__E  $Tramp$TT$L$PI$$ti_sysbios_knl_Clock_setTimeout__E
   1002ecc3     00005f94     00002ae0   dpl_cc13x2.a : PowerCC26X2_tirtos.oem4f (.text:PowerCC26XX_standbyPolicy)
                             00005d9e                : ClockP_tirtos.oem4f (.text:ClockP_setTimeout)
ti_sysbios_knl_Swi_restore__E  $Tramp$TT$L$PI$$ti_sysbios_knl_Swi_restore__E
   1002db61     00005f9c     00002850   rf_multiMode_cc13x2.aem4f : RFCC26X2_multiMode.c.cc13x2.ccs.o (.text:RF_pendCmd)
                             00002882                             : RFCC26X2_multiMode.c.cc13x2.ccs.o (.text:RF_pendCmd)
                             000028d4                             : RFCC26X2_multiMode.c.cc13x2.ccs.o (.text:RF_pendCmd)
                             000058da   dpl_cc13x2.a : PowerCC26X2_tirtos.oem4f (.text:PowerCC26XX_schedulerRestore)
ti_sysbios_knl_Task_create  $Tramp$TT$L$PI$$ti_sysbios_knl_Task_create
   1002d529     00005fa4     000027e2   rom_sysbios.aem4f : rom_sysbios.obj (.text:pthread_create)
ti_sysbios_knl_Semaphore_construct  $Tramp$TT$L$PI$$ti_sysbios_knl_Semaphore_construct
   1002ddc1     00005fac     000027d8   rom_sysbios.aem4f : rom_sysbios.obj (.text:pthread_create)
                             0000523a   dpl_cc13x2.a : SemaphoreP_tirtos.oem4f (.text:SemaphoreP_constructBinary)
ti_sysbios_knl_Semaphore_Params__init__S  $Tramp$TT$L$PI$$ti_sysbios_knl_Semaphore_Params__init__S
   1002ebe5     00005fb4     000027c6   rom_sysbios.aem4f : rom_sysbios.obj (.text:pthread_create)
                             0000522a   dpl_cc13x2.a : SemaphoreP_tirtos.oem4f (.text:SemaphoreP_constructBinary)
ti_sysbios_knl_Queue_construct  $Tramp$TT$L$PI$$ti_sysbios_knl_Queue_construct
   1002dee5     00005fbc     000027ba   rom_sysbios.aem4f : rom_sysbios.obj (.text:pthread_create)
xdc_runtime_Memory_alloc__E  $Tramp$TT$L$PI$$xdc_runtime_Memory_alloc__E
   1002f289     00005fc4     00002762   rom_sysbios.aem4f : rom_sysbios.obj (.text:pthread_create)
ti_sysbios_knl_Task_Params__init__S  $Tramp$TT$L$PI$$ti_sysbios_knl_Task_Params__init__S
   1002ec09     00005fcc     0000274e   rom_sysbios.aem4f : rom_sysbios.obj (.text:pthread_create)
xdc_runtime_System_doPrint__I  $Tramp$TT$L$PI$$xdc_runtime_System_doPrint__I
   1002ecf1     00005fd4     0000187a   release_pem4f.oem4f (.text:xdc_runtime_System_printfExtend__I)
ti_sysbios_family_arm_m3_Hwi_restoreFxn__E  $Tramp$TT$L$PI$$ti_sysbios_family_arm_m3_Hwi_restoreFxn__E
   1002ec47     00005fdc     000000f8   rf_multiMode_cc13x2.aem4f : RFCC26X2_multiMode.c.cc13x2.ccs.o (.text:RF_fsmActiveState)
                             000001f8                             : RFCC26X2_multiMode.c.cc13x2.ccs.o (.text:RF_fsmActiveState)
                             00000298                             : RFCC26X2_multiMode.c.cc13x2.ccs.o (.text:RF_fsmActiveState)
                             00000388                             : RFCC26X2_multiMode.c.cc13x2.ccs.o (.text:RF_fsmActiveState)
                             0000040c                             : RFCC26X2_multiMode.c.cc13x2.ccs.o (.text:RF_fsmActiveState)
                             00000498                             : RFCC26X2_multiMode.c.cc13x2.ccs.o (.text:RF_fsmActiveState)
                             000004bc                             : RFCC26X2_multiMode.c.cc13x2.ccs.o (.text:RF_fsmActiveState)
                             00000a14                             : RFCC26X2_multiMode.c.cc13x2.ccs.o (.text:RF_scheduleCmd)
                             00000a76                             : RFCC26X2_multiMode.c.cc13x2.ccs.o (.text:RF_open)
                             00000b6e                             : RFCC26X2_multiMode.c.cc13x2.ccs.o (.text:RF_open)
                             00001bfa                             : RFCC26X2_multiMode.c.cc13x2.ccs.o (.text:RF_radioOpDoneCb)
                             00001ee6                             : RFCC26X2_multiMode.c.cc13x2.ccs.o (.text:RF_abortCmd)
                             00001f8e                             : RFCC26X2_multiMode.c.cc13x2.ccs.o (.text:RF_close)
                             00002002                             : RFCC26X2_multiMode.c.cc13x2.ccs.o (.text:RF_close)
                             000021d6   drivers_cc13x2.a : PINCC26XX.oem4f (.text:PINCC26XX_setIoCfg)
                             0000221c                    : PINCC26XX.oem4f (.text:PINCC26XX_setIoCfg)
                             00002a12   rf_multiMode_cc13x2.aem4f : RFCC26X2_multiMode.c.cc13x2.ccs.o (.text:RF_swiHw)
                             00002bfc   drivers_cc13x2.a : PowerCC26X2.oem4f (.text:Power_releaseDependency)
                             00002d72                    : PowerCC26X2.oem4f (.text:Power_setDependency)
[...]
1002eb6d  ti_sysbios_gates_GateHwi_enter__E                                  
1002eb79  ti_sysbios_BIOS_RtsGateProxy_Params__init__S                       
1002eb79  ti_sysbios_gates_GateMutex_Params__init__S                         
1002eb79  ti_sysbios_heaps_HeapMem_Module_GateProxy_Params__init__S          
1002eb85  ti_sysbios_heaps_HeapTrack_Params__init__S                         
1002eb91  ti_sysbios_heaps_HeapTrack_isBlocking__E                           
1002eb9d  ti_sysbios_knl_Clock_Params__init__S                               
1002eba9  ti_sysbios_knl_Clock_getTimerHandle__E                             
1002ebb5  ti_sysbios_knl_Event_Params__init__S                               
1002ebc1  ti_sysbios_knl_Mailbox_Params__init__S                             
1002ebcd  ti_sysbios_knl_Queue_dequeue__E                                    
1002ebd9  ti_sysbios_knl_Queue_enqueue__E                                    
1002ebe5  ti_sysbios_knl_Semaphore_Params__init__S                           
1002ebf1  ti_sysbios_knl_Swi_Params__init__S                                 
1002ebfd  ti_sysbios_knl_Swi_self__E                                         
1002ec09  ti_sysbios_knl_Task_Params__init__S                                
1002ec15  ti_sysbios_hal_Hwi_Instance_finalize__E                            
1002ec1f  ti_sysbios_knl_Event_Instance_init__E                              
1002ec29  ti_sysbios_family_arm_m3_Hwi_doSwiRestore__I                       
1002ec31  ti_sysbios_family_arm_m3_Hwi_startup__E                            
1002ec31  ti_sysbios_hal_Hwi_HwiProxy_startup__E                             
1002ec31  ti_sysbios_hal_Hwi_HwiProxy_startup__E                             
1002ec31  ti_sysbios_hal_Hwi_startup__E                                      
1002ec31  ti_sysbios_hal_Hwi_startup__E                                      
1002ec39  ti_sysbios_knl_Idle_loop__E                                        
1002ec41  ti_sysbios_family_arm_m3_Hwi_doTaskRestore__I                      
1002ec47  HwiP_restore                                                       
1002ec47  ti_sysbios_family_arm_m3_Hwi_restoreFxn__E                         
1002ec4d  ti_sysbios_gates_GateHwi_leave__E                                  
1002ec53  ti_sysbios_gates_GateMutex_Instance_finalize__E                    
1002ec59  ti_sysbios_heaps_HeapMem_isBlocking__E                             
1002ec5f  ti_sysbios_knl_Queue_Instance_init__E                              
1002ec65  ti_sysbios_knl_Queue_elemClear__E                                  
1002ec6b  ti_sysbios_knl_Swi_startup__E                                      
1002ec71  ti_sysbios_knl_Task_enable__E                                      
1002ec77  ti_sysbios_BIOS_RtsGateProxy_enter__E                              
1002ec7b  ti_sysbios_BIOS_RtsGateProxy_leave__E                              
1002ec7f  ti_sysbios_family_arm_cc26xx_Timer_getExpiredTicks__E              
1002ec83  ti_sysbios_family_arm_cc26xx_Timer_getPeriod__E                    
1002ec87  ti_sysbios_family_arm_cc26xx_Timer_setPeriod__E                    
1002ec8b  ti_sysbios_family_arm_m3_Hwi_delete                                
1002ec8f  ti_sysbios_family_arm_m3_TaskSupport_Module__startupDone__S        
1002ec8f  ti_sysbios_knl_Task_SupportProxy_Module__startupDone__S            
1002ec93  ti_sysbios_gates_GateHwi_query__E                                  
1002ec93  xdc_runtime_Main_Module_GateProxy_query__E                         
1002ec93  xdc_runtime_System_Module_GateProxy_query__E                       
1002ec93  xdc_runtime_System_Module_GateProxy_query__E                       
1002ec97  ti_sysbios_gates_GateMutex_delete                                  
1002ec9b  ti_sysbios_BIOS_RtsGateProxy_query__E                              
1002ec9b  ti_sysbios_BIOS_RtsGateProxy_query__E                              
1002ec9b  ti_sysbios_gates_GateMutex_query__E                                
1002ec9b  ti_sysbios_heaps_HeapMem_Module_GateProxy_query__E                 
1002ec9b  ti_sysbios_heaps_HeapMem_Module_GateProxy_query__E                 
1002ec9f  ti_sysbios_hal_Hwi_HwiProxy_create                                 
1002eca3  ti_sysbios_hal_Hwi_HwiProxy_delete                                 
1002eca7  ti_sysbios_hal_Hwi_delete                                          
1002ecab  ti_sysbios_heaps_HeapMem_Module_GateProxy_enter__E                 
1002ecaf  ti_sysbios_heaps_HeapMem_Module_GateProxy_leave__E                 
1002ecb3  ti_sysbios_knl_Clock_TimerProxy_getExpiredTicks__E                 
1002ecb7  ti_sysbios_knl_Clock_TimerProxy_getPeriod__E                       
1002ecbb  ti_sysbios_knl_Clock_delete                                        
1002ecbf  ti_sysbios_knl_Clock_removeI__E                                    
1002ecc3  ti_sysbios_knl_Clock_setTimeout__E                                 
1002ecc7  ti_sysbios_knl_Event_delete                                        
1002eccb  ti_sysbios_knl_Mailbox_delete                                      
1002eccf  ti_sysbios_knl_Queue_delete                                        
1002ecd3  ti_sysbios_knl_Queue_head__E                                       
1002ecd7  ti_sysbios_knl_Queue_next__E                                       
1002ecdb  ti_sysbios_knl_Semaphore_delete                                    
1002ecdf  ti_sysbios_knl_Swi_delete                                          
1002ece3  ti_sysbios_knl_Swi_postInit__I                                     
1002ece7  ti_sysbios_knl_Task_delete                                         
1002eceb  ti_sysbios_knl_Task_startup__E                                     
1002ecf1  xdc_runtime_System_doPrint__I                                      
1002f055  xdc_runtime_Startup_startMods__I                                   
1002f15d  xdc_runtime_Text_putSite__E                                        
1002f1f7  xdc_runtime_Error_policySpin__E                                    
1002f1f9  xdc_runtime_Text_putMod__E                                         
1002f289  xdc_runtime_Memory_alloc__E                                        
1002f2f9  xdc_runtime_Core_createObject__I                                   
1002f367  xdc_runtime_Core_deleteObject__I                                   
1002f3c5  xdc_runtime_Text_putLab__E                                         
1002f421  xdc_runtime_Assert_raise__I                                        
1002f475  xdc_runtime_Startup_exec__E                                        
1002f4c9  xdc_runtime_Core_assignParams__I                                   
1002f511  xdc_runtime_Core_constructObject__I                                
1002f559  xdc_runtime_System_atexit__E                                       
1002f5a1  xdc_runtime_Text_xprintf__I                                        
1002f5e5  xdc_runtime_System_processAtExit__E                                
1002f625  xdc_runtime_System_putchar__I                                      
1002f659  xdc_runtime_Core_assignLabel__I                                    
1002f689  xdc_runtime_Text_printVisFxn__I                                    
1002f6b9  xdc_runtime_System_vprintf__E                                      
1002f6e5  xdc_runtime_Text_cordText__E                                       
1002f711  xdc_runtime_System_abort__E                                        
1002f739  xdc_runtime_Error_raiseX__E                                        
1002f759  xdc_runtime_Registry_findById__E                                   
1002f779  xdc_runtime_Error_check__E                                         
1002f795  xdc_runtime_Memory_valloc__E                                       
1002f7b1  xdc_runtime_System_exit__E                                         
1002f7cd  xdc_runtime_Text_ropeText__E                                       
1002f7e9  xdc_runtime_System_printf__E                                       
1002f803  xdc_runtime_Core_destructObject__I                                 
1002f81b  xdc_runtime_System_abortSpin__E                                    
1002f81d  xdc_runtime_Memory_free__E                                         
1002f831  xdc_runtime_Memory_getStats__E                                     
1002f845  xdc_runtime_SysCallback_abort__E                                   
1002f845  xdc_runtime_System_SupportProxy_abort__E                           
1002f859  xdc_runtime_SysCallback_exit__E                                    
1002f859  xdc_runtime_System_SupportProxy_exit__E                            
1002f86d  xdc_runtime_SysCallback_flush__E                                   
1002f86d  xdc_runtime_System_SupportProxy_flush__E                           
1002f86d  xdc_runtime_System_flush__E                                        
1002f881  xdc_runtime_SysCallback_putch__E                                   
1002f881  xdc_runtime_System_SupportProxy_putch__E                           
1002f895  xdc_runtime_SysCallback_ready__E                                   
1002f895  xdc_runtime_System_SupportProxy_ready__E                           
1002f8a9  xdc_runtime_Memory_getMaxDefaultTypeAlign__E                       
1002f8b9  xdc_runtime_System_vsnprintf__E                                    
1002f8c9  xdc_runtime_Timestamp_SupportProxy_get32__E                        
1002f8c9  xdc_runtime_Timestamp_SupportProxy_get32__E                        
1002f8c9  xdc_runtime_Timestamp_get32__E                                     
1002f8c9  xdc_runtime_Timestamp_get32__E                                     
1002f8d9  xdc_runtime_Memory_calloc__E                                       
1002f8e5  xdc_runtime_Startup_rtsDone__E                                     
1002f8f1  xdc_runtime_Memory_HeapProxy_alloc__E                              
1002f8fb  xdc_runtime_Memory_HeapProxy_free__E                               
1002f905  xdc_runtime_Memory_HeapProxy_getStats__E                           
1002f90f  xdc_runtime_Gate_leaveSystem__E                                    
1002f915  xdc_runtime_System_Module_startup__E                               
1002f91b  xdc_runtime_Gate_enterSystem__E                                    
1002f91f  xdc_runtime_SysCallback_Module__startupDone__S                     
1002f91f  xdc_runtime_System_SupportProxy_Module__startupDone__S             
1002f923  xdc_runtime_System_Module_GateProxy_enter__E                       
1002f927  xdc_runtime_System_Module_GateProxy_leave__E                       
1002f92b  xdc_runtime_System_printf_va__F                                    
1002f92f  xdc_runtime_System_exitSpin__E                                     
1002f931  ti_sysbios_family_arm_m3_Hwi_dispatch__I                           
1002fa11  ti_sysbios_family_arm_m3_Hwi_interruptsAreDisabledButShouldNotBe   
1002fa2d  ti_sysbios_family_arm_m3_TaskSupport_buildTaskStack                
1002fab9  ti_sysbios_family_arm_m3_Hwi_initStacks__E                         
1002fb11  ti_sysbios_family_arm_m3_Hwi_pendSV__I                             
1002fb35  ti_sysbios_family_arm_m3_Hwi_return                                
1002fb39  ti_sysbios_family_arm_m3_Hwi_excHandlerAsm__I                      
1002fb59  ti_sysbios_family_xxx_Hwi_switchAndRunFunc                         
1002fb77  ti_sysbios_family_arm_m3_TaskSupport_swap__E                       
1002fb77  ti_sysbios_knl_Task_SupportProxy_swap__E                           
1002fb77  ti_sysbios_knl_Task_SupportProxy_swap__E                           
1002fb83  ti_sysbios_knl_Task_swapReturn                                     
1002fb8f  ti_sysbios_family_arm_m3_TaskSupport_glue                          
1002fba0  ti_sysbios_knl_Task_Object__PARAMS__C                              
1002fbdc  ti_sysbios_knl_Mailbox_Object__PARAMS__C                           
1002fc10  ti_sysbios_family_arm_m3_Hwi_Object__PARAMS__C                     
1002fc40  ti_sysbios_hal_Hwi_Object__PARAMS__C                               
1002fc6c  ti_sysbios_knl_Swi_Object__PARAMS__C                               
1002fc94  ti_sysbios_heaps_HeapMem_Object__PARAMS__C                         
1002fcb8  ti_sysbios_knl_Clock_Object__PARAMS__C                             
1002fcdc  ti_sysbios_knl_Semaphore_Object__PARAMS__C                         
1002fd00  ti_sysbios_gates_GateHwi_Object__PARAMS__C                         
1002fd18  ti_sysbios_gates_GateMutex_Object__PARAMS__C                       
1002fd30  ti_sysbios_knl_Event_Object__PARAMS__C                             
1002fd48  ti_sysbios_knl_Queue_Object__PARAMS__C                             
1002fd80  ti_sysbios_heaps_HeapTrack_Object__PARAMS__C                       
1002fd9c  ti_sysbios_heaps_HeapTrack_Instance_State_trackQueue__O            
1002fda0  ti_sysbios_heaps_HeapTrack_Module__diagsEnabled__C                 
1002fda4  ti_sysbios_heaps_HeapTrack_Module__diagsIncluded__C                
1002fda8  ti_sysbios_heaps_HeapTrack_Module__diagsMask__C                    
1002fddb  strlen                                                             
20000000  __start___llvm_prf_cnts                                            
20000000  __stop___llvm_prf_cnts                                             
20000000  ti_sysbios_family_arm_m3_Hwi_ramVectors                            
20000100  xdcRomConstPtr                                                     
20000104  xdcRomExternFuncPtr                                                
20000108  xdcRomStatePtr                                                     
20000110  __primary_heap_start__                                             
20004110  __primary_heap_end__                                               
20004618  PowerCC26X2_module                                                 
20004788  ROM_stateStruct                                                    
20004788  ti_sysbios_knl_Clock_Module__state__V                              
200047b4  ti_sysbios_family_arm_cc26xx_TimestampProvider_Module__state__V    
200047b8  xdc_runtime_Startup_Module__state__V                               
200047c0  xdc_runtime_Registry_Module__state__V                              
200047c8  ti_sysbios_BIOS_Module__state__V                                   
200047ec  ti_sysbios_knl_Swi_Module__state__V                                
20004808  ti_sysbios_knl_Task_Module__state__V                               
2000484c  xdc_runtime_Memory_Module__state__V                                
20004850  xdc_runtime_System_Module__state__V                                
20004858  ti_sysbios_family_arm_m3_Hwi_Module__state__V                      
2000488c  ti_sysbios_family_arm_cc26xx_Timer_Module__state__V                
20004948  txPowerTable_2400_pa5_20                                           
200049d4  ti_sysbios_knl_Task_Object__table__V                               
20004a20  ti_sysbios_family_arm_cc26xx_Timer_Object__table__V                
20004a68  ti_sysbios_gates_GateMutex_Object__table__V                        
20004aa0  ti_sysbios_knl_Swi_Module_State_0_readyQ__A                        
20004ad0  ti_sysbios_knl_Swi_Object__table__V                                
20004b00  ti_sysbios_knl_Task_Module_State_0_readyQ__A                       
20004b30  _hposcCoeffs                                                       
20004b54  RF_cmdRadioSetup_ieee154                                           
20004b74  ti_sysbios_knl_Clock_Object__table__V                              
20004b94  xdc_runtime_Error_IgnoreBlock                                      
20004bb4  pOverrides_ieee154Tx20                                             
20004bd0  pOverrides_ieee154TxStd                                            
20004bec  RF_cmdFs_ieee154                                                   
20004c04  RF_cmdIeeeTx_ieee154                                               
20004c1c  ti_sysbios_family_arm_m3_Hwi_Object__table__V                      
20004c34  ti_sysbios_heaps_HeapMem_Object__table__V                          
20004c4c  RF_prop_ieee154                                                    
20004c5c  buttonPinTable                                                     
20004c68  ledPinTable                                                        
20004c74  pOverrides_ieee154                                                 
20004c80  _lock                                                              
20004c84  _unlock                                                            
20004c88  RFCC26XX_schedulerPolicy                                           
20004c90  pinUpperBound                                                      
20004c94  pinLowerBound                                                      
20004c98  ti_sysbios_family_arm_m3_Hwi_Module__root__V                       
20004ca0  ti_sysbios_gates_GateHwi_Module__root__V                           
20004ca8  ti_sysbios_gates_GateMutex_Module__root__V                         
20004cb0  ti_sysbios_hal_Hwi_Module__root__V                                 
20004cb8  ti_sysbios_heaps_HeapMem_Module__root__V                           
20004cc0  ti_sysbios_knl_Clock_Module__root__V                               
20004cc8  ti_sysbios_knl_Event_Module__root__V                               
20004cd0  ti_sysbios_knl_Mailbox_Module__root__V                             
20004cd8  ti_sysbios_knl_Queue_Module__root__V                               
20004ce0  ti_sysbios_knl_Semaphore_Module__root__V                           
20004ce8  ti_sysbios_knl_Swi_Module__root__V                                 
20004cf0  ti_sysbios_knl_Task_Module__root__V                                
20004cf8  xdc_runtime_System_Module_State_0_atexitHandlers__A                
20004d00  main_func_sp                                                       
20004d04  ti_sysbios_family_arm_m3_Hwi_Module_State_0_excContext__A          
20004d08  ti_sysbios_family_arm_m3_Hwi_Module_State_0_excStack__A            
20004d0c  ti_sysbios_knl_Task_Module_State_0_idleTask__A                     
20004d10  ti_sysbios_family_arm_m3_Hwi_Module_State_0_excActive__A           
20004d18  ti_sysbios_knl_Task_Instance_State_0_stack__A                      
20005010  ti_sysbios_family_arm_m3_Hwi_dispatchTable                         
200050e8  pinHandleTable                                                     
2000526f  driverlib_release_0_60278                                          
2000529c  PowerCC26XX_swiKey                                                 
200052a0  PowerCC26XX_taskKey                                                
20013c00  __stack                                                            
20014000  __STACK_END                                                        
e000e000  ti_sysbios_family_arm_m3_Hwi_nvic                                  
ffffffff  __TI_pprof_out_hndl                                                
ffffffff  __TI_prof_data_size                                                
ffffffff  __TI_prof_data_start                                               
ffffffff  __binit__                                                          
ffffffff  __c_args__                                                         
ffffffff  binit                                                              
UNDEFED   ITM_flush                                                          
UNDEFED   ITM_restore                                                        
UNDEFED   SHT$$INIT_ARRAY$$Base                                              
UNDEFED   SHT$$INIT_ARRAY$$Limit                                             

[864 symbols]
